<html>
<body>
<pre>
<h1>µVision Build Log</h1>
<h2>Tool Versions:</h2>
IDE-Version: ¦ÌVision V5.36.0.0
Copyright (C) 2021 ARM Ltd and ARM Germany GmbH. All rights reserved.
License Information: v v, v, LIC=03C6R-KQKVJ-IIY5V-P7VMR-X8RH5-ZHFT8
 
Tool Versions:
Toolchain:       MDK-ARM Plus  Version: 5.36.0.0
Toolchain Path:  D:\SoftwareTools\Keil_v5\Mdk-Arm\ARM\ARMCLANG\Bin
C Compiler:      ArmClang.exe V6.16
Assembler:       Armasm.exe V6.16
Linker/Locator:  ArmLink.exe V6.16
Library Manager: ArmAr.exe V6.16
Hex Converter:   FromElf.exe V6.16
CPU DLL:         SARMCM3.DLL V5.36.0.0
Dialog DLL:      DCM.DLL V1.17.3.0
Target DLL:      CMSIS_AGDI.dll V1.33.0.0
Dialog DLL:      TCM.DLL V1.53.0.0
 
<h2>Project:</h2>
E:\KmdFoc\UsbCanBus\software\usb-can-v2\MDK-ARM\canbus.uvprojx
Project File Date:  07/14/2022

<h2>Output:</h2>
*** Using Compiler 'V6.16', folder: 'D:\SoftwareTools\Keil_v5\Mdk-Arm\ARM\ARMCLANG\Bin'
Build target 'can_bus'
compiling hal_kmd_app_demo.c...
linking...
Program Size: Code=24744 RO-data=1376 RW-data=4792 ZI-data=3672  
FromELF: creating hex file...
".\Objects\canbus.axf" - 0 Error(s), 0 Warning(s).

<h2>Software Packages used:</h2>

Package Vendor: GigaDevice
                http://gd32mcu.com/data/documents/pack/GigaDevice.GD32C10x_DFP.1.0.0.pack
                GigaDevice.GD32C10x_DFP.1.0.0
                GigaDevice GD32C10x Series Device Support and Examples

<h2>Collection of Component include folders:</h2>
  D:\SoftwareTools\Keil_v5\Packs\GigaDevice\GD32C10x_DFP\1.0.0\Device\Include

<h2>Collection of Component Files used:</h2>
Build Time Elapsed:  00:00:01
</pre>
</body>
</html>
