Component: ARM Compiler 6.16 Tool: armlink [5dfeaa00]

==============================================================================

Section Cross References

    gd32c10x_it.o(.text.NMI_Handler) refers to main.o(.text.Error_Handler) for Error_Handler
    gd32c10x_it.o(.ARM.exidx.text.NMI_Handler) refers to gd32c10x_it.o(.text.NMI_Handler) for [Anonymous Symbol]
    gd32c10x_it.o(.text.HardFault_Handler) refers to main.o(.text.Error_Handler) for Error_Handler
    gd32c10x_it.o(.ARM.exidx.text.HardFault_Handler) refers to gd32c10x_it.o(.text.HardFault_Handler) for [Anonymous Symbol]
    gd32c10x_it.o(.text.MemManage_Handler) refers to main.o(.text.Error_Handler) for Error_Handler
    gd32c10x_it.o(.ARM.exidx.text.MemManage_Handler) refers to gd32c10x_it.o(.text.MemManage_Handler) for [Anonymous Symbol]
    gd32c10x_it.o(.text.BusFault_Handler) refers to main.o(.text.Error_Handler) for Error_Handler
    gd32c10x_it.o(.ARM.exidx.text.BusFault_Handler) refers to gd32c10x_it.o(.text.BusFault_Handler) for [Anonymous Symbol]
    gd32c10x_it.o(.text.UsageFault_Handler) refers to main.o(.text.Error_Handler) for Error_Handler
    gd32c10x_it.o(.ARM.exidx.text.UsageFault_Handler) refers to gd32c10x_it.o(.text.UsageFault_Handler) for [Anonymous Symbol]
    gd32c10x_it.o(.text.SVC_Handler) refers to main.o(.text.Error_Handler) for Error_Handler
    gd32c10x_it.o(.ARM.exidx.text.SVC_Handler) refers to gd32c10x_it.o(.text.SVC_Handler) for [Anonymous Symbol]
    gd32c10x_it.o(.text.DebugMon_Handler) refers to main.o(.text.Error_Handler) for Error_Handler
    gd32c10x_it.o(.ARM.exidx.text.DebugMon_Handler) refers to gd32c10x_it.o(.text.DebugMon_Handler) for [Anonymous Symbol]
    gd32c10x_it.o(.text.PendSV_Handler) refers to main.o(.text.Error_Handler) for Error_Handler
    gd32c10x_it.o(.ARM.exidx.text.PendSV_Handler) refers to gd32c10x_it.o(.text.PendSV_Handler) for [Anonymous Symbol]
    gd32c10x_it.o(.text.SysTick_Handler) refers to bsp_systick.o(.bss.SysTickCnt) for SysTickCnt
    gd32c10x_it.o(.ARM.exidx.text.SysTick_Handler) refers to gd32c10x_it.o(.text.SysTick_Handler) for [Anonymous Symbol]
    gd32c10x_it.o(.text.CAN0_RX0_IRQHandler) refers to bsp_can.o(.text.bsp_can0_irq_callback) for bsp_can0_irq_callback
    gd32c10x_it.o(.ARM.exidx.text.CAN0_RX0_IRQHandler) refers to gd32c10x_it.o(.text.CAN0_RX0_IRQHandler) for [Anonymous Symbol]
    gd32c10x_it.o(.text.CAN1_RX0_IRQHandler) refers to bsp_can.o(.text.bsp_can1_irq_callback) for bsp_can1_irq_callback
    gd32c10x_it.o(.ARM.exidx.text.CAN1_RX0_IRQHandler) refers to gd32c10x_it.o(.text.CAN1_RX0_IRQHandler) for [Anonymous Symbol]
    gd32c10x_it.o(.text.TIMER5_IRQHandler) refers to gd32c10x_timer.o(.text.timer_interrupt_flag_get) for timer_interrupt_flag_get
    gd32c10x_it.o(.text.TIMER5_IRQHandler) refers to gd32c10x_timer.o(.text.timer_interrupt_flag_clear) for timer_interrupt_flag_clear
    gd32c10x_it.o(.text.TIMER5_IRQHandler) refers to bsp_key.o(.text.key_enc_scanf) for key_enc_scanf
    gd32c10x_it.o(.text.TIMER5_IRQHandler) refers to gd32c10x_it.o(.bss.TIMER5_IRQHandler.ledTick) for TIMER5_IRQHandler.ledTick
    gd32c10x_it.o(.text.TIMER5_IRQHandler) refers to bsp_systick.o(.text.bsp_systick_get_ms_since) for bsp_systick_get_ms_since
    gd32c10x_it.o(.text.TIMER5_IRQHandler) refers to gd32c10x_gpio.o(.text.gpio_bit_reset) for gpio_bit_reset
    gd32c10x_it.o(.text.TIMER5_IRQHandler) refers to gd32c10x_gpio.o(.text.gpio_bit_set) for gpio_bit_set
    gd32c10x_it.o(.text.TIMER5_IRQHandler) refers to bsp_systick.o(.text.bsp_systick_get_tick_ms) for bsp_systick_get_tick_ms
    gd32c10x_it.o(.ARM.exidx.text.TIMER5_IRQHandler) refers to gd32c10x_it.o(.text.TIMER5_IRQHandler) for [Anonymous Symbol]
    gd32c10x_it.o(.text.TIMER2_IRQHandler) refers to gd32c10x_hw.o(.text.usb_timer_irq) for usb_timer_irq
    gd32c10x_it.o(.ARM.exidx.text.TIMER2_IRQHandler) refers to gd32c10x_it.o(.text.TIMER2_IRQHandler) for [Anonymous Symbol]
    gd32c10x_it.o(.text.USBFS_IRQHandler) refers to main.o(.bss.cdc_acm) for cdc_acm
    gd32c10x_it.o(.text.USBFS_IRQHandler) refers to drv_usbd_int.o(.text.usbd_isr) for usbd_isr
    gd32c10x_it.o(.text.USBFS_IRQHandler) refers to main.o(.text.usb_vcp_auto_receive) for usb_vcp_auto_receive
    gd32c10x_it.o(.ARM.exidx.text.USBFS_IRQHandler) refers to gd32c10x_it.o(.text.USBFS_IRQHandler) for [Anonymous Symbol]
    gd32c10x_it.o(.text.USBFS_WKUP_IRQHandler) refers to main.o(.bss.cdc_acm) for cdc_acm
    gd32c10x_it.o(.text.USBFS_WKUP_IRQHandler) refers to system_gd32c10x.o(.text.SystemInit) for SystemInit
    gd32c10x_it.o(.text.USBFS_WKUP_IRQHandler) refers to gd32c10x_hw.o(.bss.usbfs_prescaler) for usbfs_prescaler
    gd32c10x_it.o(.text.USBFS_WKUP_IRQHandler) refers to gd32c10x_rcu.o(.text.rcu_usb_clock_config) for rcu_usb_clock_config
    gd32c10x_it.o(.text.USBFS_WKUP_IRQHandler) refers to gd32c10x_rcu.o(.text.rcu_periph_clock_enable) for rcu_periph_clock_enable
[...]
    [Anonymous Symbol]                       0x200019a4   Section        0  hal_kmd_app_demo.o(.bss.kmd_motor_mode_run.last_position.3.2)
    kmd_motor_mode_run.position_difference.0 0x200019a8   Data           4  hal_kmd_app_demo.o(.bss.kmd_motor_mode_run.position_difference.0)
    [Anonymous Symbol]                       0x200019a8   Section        0  hal_kmd_app_demo.o(.bss.kmd_motor_mode_run.position_difference.0)
    kmd_motor_mode_run.position_difference.1.0 0x200019ac   Data           4  hal_kmd_app_demo.o(.bss.kmd_motor_mode_run.position_difference.1.0)
    [Anonymous Symbol]                       0x200019ac   Section        0  hal_kmd_app_demo.o(.bss.kmd_motor_mode_run.position_difference.1.0)
    kmd_motor_mode_run.position_difference.1.1 0x200019b0   Data           4  hal_kmd_app_demo.o(.bss.kmd_motor_mode_run.position_difference.1.1)
    [Anonymous Symbol]                       0x200019b0   Section        0  hal_kmd_app_demo.o(.bss.kmd_motor_mode_run.position_difference.1.1)
    kmd_motor_mode_run.position_difference.1.5 0x200019b4   Data           4  hal_kmd_app_demo.o(.bss.kmd_motor_mode_run.position_difference.1.5)
    [Anonymous Symbol]                       0x200019b4   Section        0  hal_kmd_app_demo.o(.bss.kmd_motor_mode_run.position_difference.1.5)
    kmd_motor_mode_run.position_difference.2.0 0x200019b8   Data           4  hal_kmd_app_demo.o(.bss.kmd_motor_mode_run.position_difference.2.0)
    [Anonymous Symbol]                       0x200019b8   Section        0  hal_kmd_app_demo.o(.bss.kmd_motor_mode_run.position_difference.2.0)
    kmd_motor_mode_run.position_difference.2.1 0x200019bc   Data           4  hal_kmd_app_demo.o(.bss.kmd_motor_mode_run.position_difference.2.1)
    [Anonymous Symbol]                       0x200019bc   Section        0  hal_kmd_app_demo.o(.bss.kmd_motor_mode_run.position_difference.2.1)
    kmd_motor_mode_run.position_difference.4.0 0x200019c0   Data           4  hal_kmd_app_demo.o(.bss.kmd_motor_mode_run.position_difference.4.0)
    [Anonymous Symbol]                       0x200019c0   Section        0  hal_kmd_app_demo.o(.bss.kmd_motor_mode_run.position_difference.4.0)
    kmd_motor_mode_run.position_difference.4.1 0x200019c4   Data           4  hal_kmd_app_demo.o(.bss.kmd_motor_mode_run.position_difference.4.1)
    [Anonymous Symbol]                       0x200019c4   Section        0  hal_kmd_app_demo.o(.bss.kmd_motor_mode_run.position_difference.4.1)
    kmd_motor_mode_run.position_difference.4.2 0x200019c8   Data           4  hal_kmd_app_demo.o(.bss.kmd_motor_mode_run.position_difference.4.2)
    [Anonymous Symbol]                       0x200019c8   Section        0  hal_kmd_app_demo.o(.bss.kmd_motor_mode_run.position_difference.4.2)
    kmd_motor_mode_run.position_difference.4.3 0x200019cc   Data           4  hal_kmd_app_demo.o(.bss.kmd_motor_mode_run.position_difference.4.3)
    [Anonymous Symbol]                       0x200019cc   Section        0  hal_kmd_app_demo.o(.bss.kmd_motor_mode_run.position_difference.4.3)
    kmd_motor_mode_run.target_vel            0x200019d0   Data          16  hal_kmd_app_demo.o(.bss.kmd_motor_mode_run.target_vel)
    [Anonymous Symbol]                       0x200019d0   Section        0  hal_kmd_app_demo.o(.bss.kmd_motor_mode_run.target_vel)
    kmd_motor_mode_run.vel_add_count         0x200019e0   Data           8  hal_kmd_app_demo.o(.bss.kmd_motor_mode_run.vel_add_count)
    [Anonymous Symbol]                       0x200019e0   Section        0  hal_kmd_app_demo.o(.bss.kmd_motor_mode_run.vel_add_count)
    kmd_motor_mode_run.vel_max               0x200019e8   Data          16  hal_kmd_app_demo.o(.bss.kmd_motor_mode_run.vel_max)
    [Anonymous Symbol]                       0x200019e8   Section        0  hal_kmd_app_demo.o(.bss.kmd_motor_mode_run.vel_max)
    pmu_to_deepsleepmode.reg_snap.0          0x20001c78   Data           4  gd32c10x_pmu.o(.bss.pmu_to_deepsleepmode.reg_snap.0)
    [Anonymous Symbol]                       0x20001c78   Section        0  gd32c10x_pmu.o(.bss.pmu_to_deepsleepmode.reg_snap.0)
    pmu_to_deepsleepmode.reg_snap.1          0x20001c7c   Data           4  gd32c10x_pmu.o(.bss.pmu_to_deepsleepmode.reg_snap.1)
    [Anonymous Symbol]                       0x20001c7c   Section        0  gd32c10x_pmu.o(.bss.pmu_to_deepsleepmode.reg_snap.1)
    pmu_to_deepsleepmode.reg_snap.2          0x20001c80   Data           4  gd32c10x_pmu.o(.bss.pmu_to_deepsleepmode.reg_snap.2)
    [Anonymous Symbol]                       0x20001c80   Section        0  gd32c10x_pmu.o(.bss.pmu_to_deepsleepmode.reg_snap.2)
    pmu_to_deepsleepmode.reg_snap.3          0x20001c84   Data           4  gd32c10x_pmu.o(.bss.pmu_to_deepsleepmode.reg_snap.3)
    [Anonymous Symbol]                       0x20001c84   Section        0  gd32c10x_pmu.o(.bss.pmu_to_deepsleepmode.reg_snap.3)
    tKmdRunMode                              0x20001d08   Data           1  hal_kmd_app_demo.o(.bss.tKmdRunMode)
    [Anonymous Symbol]                       0x20001d08   Section        0  hal_kmd_app_demo.o(.bss.tKmdRunMode)
    tLastKmdRunMode                          0x20001d09   Data           1  hal_kmd_app_demo.o(.bss.tLastKmdRunMode)
    [Anonymous Symbol]                       0x20001d09   Section        0  hal_kmd_app_demo.o(.bss.tLastKmdRunMode)
    STACK                                    0x20001d10   Section     1024  startup_gd32c10x.o(STACK)

    Global Symbols

    Symbol Name                              Value     Ov Type        Size  Object(Section)

    BuildAttributes$$THM_ISAv4$E$P$D$K$B$S$7EM$VFPi3$EXTD16$VFPS$VFMA$PE$A:L22UL41UL21$X:L11$S22US41US21$IEEE1$IW$~IW$USESV6$~STKCKD$USESV7$~SHL$OTIME$ROPI$IEEEX$EBA8$MICROLIB$REQ8$PRES8$EABIv2 0x00000000   Number         0  anon$$obj.o ABSOLUTE
    __cpp_initialize__aeabi_                  - Undefined Weak Reference
    __cxa_finalize                            - Undefined Weak Reference
    _clock_init                               - Undefined Weak Reference
    _microlib_exit                            - Undefined Weak Reference
    __Vectors_Size                           0x00000150   Number         0  startup_gd32c10x.o ABSOLUTE
    __Vectors                                0x08000000   Data           4  startup_gd32c10x.o(RESET)
    __Vectors_End                            0x08000150   Data           0  startup_gd32c10x.o(RESET)
    __main                                   0x08000151   Thumb Code     0  entry.o(.ARM.Collect$$$$00000000)
    _main_stk                                0x08000151   Thumb Code     0  entry2.o(.ARM.Collect$$$$00000001)
    _main_scatterload                        0x08000155   Thumb Code     0  entry5.o(.ARM.Collect$$$$00000004)
    __main_after_scatterload                 0x08000159   Thumb Code     0  entry5.o(.ARM.Collect$$$$00000004)
    _main_clock                              0x08000159   Thumb Code     0  entry7b.o(.ARM.Collect$$$$00000008)
    _main_cpp_init                           0x08000159   Thumb Code     0  entry8b.o(.ARM.Collect$$$$0000000A)
    _main_init                               0x08000159   Thumb Code     0  entry9a.o(.ARM.Collect$$$$0000000B)
    __rt_final_cpp                           0x08000161   Thumb Code     0  entry10a.o(.ARM.Collect$$$$0000000D)
    __rt_final_exit                          0x08000161   Thumb Code     0  entry11a.o(.ARM.Collect$$$$0000000F)
    Reset_Handler                            0x08000165   Thumb Code     8  startup_gd32c10x.o(.text)
    ADC0_1_IRQHandler                        0x0800017f   Thumb Code     0  startup_gd32c10x.o(.text)
    CAN0_EWMC_IRQHandler                     0x0800017f   Thumb Code     0  startup_gd32c10x.o(.text)
    CAN0_RX1_IRQHandler                      0x0800017f   Thumb Code     0  startup_gd32c10x.o(.text)
    CAN0_TX_IRQHandler                       0x0800017f   Thumb Code     0  startup_gd32c10x.o(.text)
    CAN1_EWMC_IRQHandler                     0x0800017f   Thumb Code     0  startup_gd32c10x.o(.text)
    CAN1_RX1_IRQHandler                      0x0800017f   Thumb Code     0  startup_gd32c10x.o(.text)
    CAN1_TX_IRQHandler                       0x0800017f   Thumb Code     0  startup_gd32c10x.o(.text)
    DMA0_Channel0_IRQHandler                 0x0800017f   Thumb Code     0  startup_gd32c10x.o(.text)
    DMA0_Channel1_IRQHandler                 0x0800017f   Thumb Code     0  startup_gd32c10x.o(.text)
    DMA0_Channel2_IRQHandler                 0x0800017f   Thumb Code     0  startup_gd32c10x.o(.text)
    DMA0_Channel3_IRQHandler                 0x0800017f   Thumb Code     0  startup_gd32c10x.o(.text)
    DMA0_Channel4_IRQHandler                 0x0800017f   Thumb Code     0  startup_gd32c10x.o(.text)
    DMA0_Channel5_IRQHandler                 0x0800017f   Thumb Code     0  startup_gd32c10x.o(.text)
    DMA0_Channel6_IRQHandler                 0x0800017f   Thumb Code     0  startup_gd32c10x.o(.text)
    DMA1_Channel0_IRQHandler                 0x0800017f   Thumb Code     0  startup_gd32c10x.o(.text)
    DMA1_Channel1_IRQHandler                 0x0800017f   Thumb Code     0  startup_gd32c10x.o(.text)
    DMA1_Channel2_IRQHandler                 0x0800017f   Thumb Code     0  startup_gd32c10x.o(.text)
    DMA1_Channel3_IRQHandler                 0x0800017f   Thumb Code     0  startup_gd32c10x.o(.text)
    DMA1_Channel4_IRQHandler                 0x0800017f   Thumb Code     0  startup_gd32c10x.o(.text)
    EXMC_IRQHandler                          0x0800017f   Thumb Code     0  startup_gd32c10x.o(.text)
    EXTI0_IRQHandler                         0x0800017f   Thumb Code     0  startup_gd32c10x.o(.text)
    EXTI10_15_IRQHandler                     0x0800017f   Thumb Code     0  startup_gd32c10x.o(.text)
    EXTI1_IRQHandler                         0x0800017f   Thumb Code     0  startup_gd32c10x.o(.text)
    EXTI2_IRQHandler                         0x0800017f   Thumb Code     0  startup_gd32c10x.o(.text)
    EXTI3_IRQHandler                         0x0800017f   Thumb Code     0  startup_gd32c10x.o(.text)
    EXTI4_IRQHandler                         0x0800017f   Thumb Code     0  startup_gd32c10x.o(.text)
    EXTI5_9_IRQHandler                       0x0800017f   Thumb Code     0  startup_gd32c10x.o(.text)
    FMC_IRQHandler                           0x0800017f   Thumb Code     0  startup_gd32c10x.o(.text)
    I2C0_ER_IRQHandler                       0x0800017f   Thumb Code     0  startup_gd32c10x.o(.text)
    I2C0_EV_IRQHandler                       0x0800017f   Thumb Code     0  startup_gd32c10x.o(.text)
    I2C1_ER_IRQHandler                       0x0800017f   Thumb Code     0  startup_gd32c10x.o(.text)
    I2C1_EV_IRQHandler                       0x0800017f   Thumb Code     0  startup_gd32c10x.o(.text)
    LVD_IRQHandler                           0x0800017f   Thumb Code     0  startup_gd32c10x.o(.text)
    RCU_CTC_IRQHandler                       0x0800017f   Thumb Code     0  startup_gd32c10x.o(.text)
    RTC_Alarm_IRQHandler                     0x0800017f   Thumb Code     0  startup_gd32c10x.o(.text)
    RTC_IRQHandler                           0x0800017f   Thumb Code     0  startup_gd32c10x.o(.text)
    SPI0_IRQHandler                          0x0800017f   Thumb Code     0  startup_gd32c10x.o(.text)
    SPI1_IRQHandler                          0x0800017f   Thumb Code     0  startup_gd32c10x.o(.text)
    SPI2_IRQHandler                          0x0800017f   Thumb Code     0  startup_gd32c10x.o(.text)
    TAMPER_IRQHandler                        0x0800017f   Thumb Code     0  startup_gd32c10x.o(.text)
    TIMER0_BRK_TIMER8_IRQHandler             0x0800017f   Thumb Code     0  startup_gd32c10x.o(.text)
    TIMER0_Channel_IRQHandler                0x0800017f   Thumb Code     0  startup_gd32c10x.o(.text)
    TIMER0_TRG_CMT_TIMER10_IRQHandler        0x0800017f   Thumb Code     0  startup_gd32c10x.o(.text)
    TIMER0_UP_TIMER9_IRQHandler              0x0800017f   Thumb Code     0  startup_gd32c10x.o(.text)
    TIMER1_IRQHandler                        0x0800017f   Thumb Code     0  startup_gd32c10x.o(.text)
    TIMER3_IRQHandler                        0x0800017f   Thumb Code     0  startup_gd32c10x.o(.text)
    TIMER4_IRQHandler                        0x0800017f   Thumb Code     0  startup_gd32c10x.o(.text)
    TIMER6_IRQHandler                        0x0800017f   Thumb Code     0  startup_gd32c10x.o(.text)
    TIMER7_BRK_TIMER11_IRQHandler            0x0800017f   Thumb Code     0  startup_gd32c10x.o(.text)
    TIMER7_Channel_IRQHandler                0x0800017f   Thumb Code     0  startup_gd32c10x.o(.text)
    TIMER7_TRG_CMT_TIMER13_IRQHandler        0x0800017f   Thumb Code     0  startup_gd32c10x.o(.text)
    TIMER7_UP_TIMER12_IRQHandler             0x0800017f   Thumb Code     0  startup_gd32c10x.o(.text)
    UART3_IRQHandler                         0x0800017f   Thumb Code     0  startup_gd32c10x.o(.text)
    UART4_IRQHandler                         0x0800017f   Thumb Code     0  startup_gd32c10x.o(.text)
    USART0_IRQHandler                        0x0800017f   Thumb Code     0  startup_gd32c10x.o(.text)
    USART1_IRQHandler                        0x0800017f   Thumb Code     0  startup_gd32c10x.o(.text)
    USART2_IRQHandler                        0x0800017f   Thumb Code     0  startup_gd32c10x.o(.text)
    WWDGT_IRQHandler                         0x0800017f   Thumb Code     0  startup_gd32c10x.o(.text)
    __aeabi_memcpy                           0x08000189   Thumb Code    36  memcpya.o(.text)
    __aeabi_memcpy4                          0x08000189   Thumb Code     0  memcpya.o(.text)
    __aeabi_memcpy8                          0x08000189   Thumb Code     0  memcpya.o(.text)
    __aeabi_memset                           0x080001ad   Thumb Code    14  memseta.o(.text)
    __aeabi_memset4                          0x080001ad   Thumb Code     0  memseta.o(.text)
    __aeabi_memset8                          0x080001ad   Thumb Code     0  memseta.o(.text)
    __aeabi_memclr                           0x080001bb   Thumb Code     4  memseta.o(.text)
    __aeabi_memclr4                          0x080001bb   Thumb Code     0  memseta.o(.text)
    __aeabi_memclr8                          0x080001bb   Thumb Code     0  memseta.o(.text)
    _memset$wrapper                          0x080001bf   Thumb Code    18  memseta.o(.text)
    __aeabi_dmul                             0x080001d1   Thumb Code   228  dmul.o(.text)
    __aeabi_dcmplt                           0x080002b5   Thumb Code    54  dcmplt.o(.text)
    __aeabi_dcmpge                           0x080002eb   Thumb Code    54  dcmpge.o(.text)
    __aeabi_f2d                              0x08000321   Thumb Code    38  f2d.o(.text)
    __aeabi_d2f                              0x08000347   Thumb Code    56  d2f.o(.text)
    __I$use$fp                               0x0800037f   Thumb Code     0  iusefp.o(.text)
    _float_round                             0x0800037f   Thumb Code    18  fepilogue.o(.text)
    _float_epilogue                          0x08000391   Thumb Code    92  fepilogue.o(.text)
    _double_round                            0x080003ed   Thumb Code    30  depilogue.o(.text)
    _double_epilogue                         0x0800040b   Thumb Code   156  depilogue.o(.text)
    __scatterload                            0x080004a9   Thumb Code    28  init.o(.text)
    __scatterload_rt2                        0x080004a9   Thumb Code     0  init.o(.text)
    __aeabi_llsl                             0x080004cd   Thumb Code    30  llshl.o(.text)
    _ll_shift_l                              0x080004cd   Thumb Code     0  llshl.o(.text)
    __aeabi_llsr                             0x080004eb   Thumb Code    32  llushr.o(.text)
    _ll_ushift_r                             0x080004eb   Thumb Code     0  llushr.o(.text)
    __aeabi_dadd                             0x0800050b   Thumb Code   322  dadd.o(.text)
    __aeabi_dsub                             0x0800064d   Thumb Code     6  dadd.o(.text)
    __aeabi_drsub                            0x08000653   Thumb Code     6  dadd.o(.text)
    __aeabi_ddiv                             0x08000659   Thumb Code   222  ddiv.o(.text)
    __aeabi_i2d                              0x08000737   Thumb Code    34  dflti.o(.text)
    __aeabi_ui2d                             0x08000759   Thumb Code    26  dfltui.o(.text)
    __aeabi_d2iz                             0x08000773   Thumb Code    62  dfixi.o(.text)
    __aeabi_lasr                             0x080007b1   Thumb Code    36  llsshr.o(.text)
    _ll_sshift_r                             0x080007b1   Thumb Code     0  llsshr.o(.text)
    __decompress                             0x080007d5   Thumb Code     0  __dczerorl.o(.text)
    __decompress0                            0x080007d5   Thumb Code    58  __dczerorl.o(.text)
    BusFault_Handler                         0x08000811   Thumb Code     8  gd32c10x_it.o(.text.BusFault_Handler)
    CAN0_RX0_IRQHandler                      0x08000819   Thumb Code     8  gd32c10x_it.o(.text.CAN0_RX0_IRQHandler)
    CAN1_RX0_IRQHandler                      0x08000821   Thumb Code     8  gd32c10x_it.o(.text.CAN1_RX0_IRQHandler)
    DebugMon_Handler                         0x08000881   Thumb Code     8  gd32c10x_it.o(.text.DebugMon_Handler)
    Error_Handler                            0x08000889   Thumb Code    12  main.o(.text.Error_Handler)
    HardFault_Handler                        0x080008ad   Thumb Code     8  gd32c10x_it.o(.text.HardFault_Handler)
    MemManage_Handler                        0x080008b5   Thumb Code     8  gd32c10x_it.o(.text.MemManage_Handler)
    NMI_Handler                              0x080008bd   Thumb Code     8  gd32c10x_it.o(.text.NMI_Handler)
    PendSV_Handler                           0x080008f9   Thumb Code     8  gd32c10x_it.o(.text.PendSV_Handler)
    SVC_Handler                              0x08000901   Thumb Code     8  gd32c10x_it.o(.text.SVC_Handler)
    SysTick_Handler                          0x08000935   Thumb Code    16  gd32c10x_it.o(.text.SysTick_Handler)
    SystemInit                               0x08000945   Thumb Code   168  system_gd32c10x.o(.text.SystemInit)
    TIMER2_IRQHandler                        0x080009ed   Thumb Code     8  gd32c10x_it.o(.text.TIMER2_IRQHandler)
    TIMER5_IRQHandler                        0x080009f5   Thumb Code    96  gd32c10x_it.o(.text.TIMER5_IRQHandler)
    USBFS_IRQHandler                         0x08000a55   Thumb Code    20  gd32c10x_it.o(.text.USBFS_IRQHandler)
    USBFS_WKUP_IRQHandler                    0x08000a69   Thumb Code    62  gd32c10x_it.o(.text.USBFS_WKUP_IRQHandler)
    UsageFault_Handler                       0x08000aa9   Thumb Code     8  gd32c10x_it.o(.text.UsageFault_Handler)
    bsp_can0_init                            0x08000ead   Thumb Code   214  bsp_can.o(.text.bsp_can0_init)
    bsp_can0_irq_callback                    0x08000f85   Thumb Code    40  bsp_can.o(.text.bsp_can0_irq_callback)
    bsp_can0_receive                         0x08000fad   Thumb Code   110  bsp_can.o(.text.bsp_can0_receive)
    bsp_can0_transmit                        0x0800101d   Thumb Code   190  bsp_can.o(.text.bsp_can0_transmit)
    bsp_can1_init                            0x080010dd   Thumb Code   242  bsp_can.o(.text.bsp_can1_init)
    bsp_can1_irq_callback                    0x080011d1   Thumb Code    40  bsp_can.o(.text.bsp_can1_irq_callback)
    bsp_can1_receive                         0x080011f9   Thumb Code   110  bsp_can.o(.text.bsp_can1_receive)
    bsp_can1_transmit                        0x08001269   Thumb Code   190  bsp_can.o(.text.bsp_can1_transmit)
    bsp_can_can_transmit                     0x08001329   Thumb Code    22  bsp_kmd.o(.text.bsp_can_can_transmit)
    bsp_can_usb_transmit                     0x08001341   Thumb Code    56  bsp_kmd.o(.text.bsp_can_usb_transmit)
    bsp_key_init                             0x08001379   Thumb Code    46  bsp_key.o(.text.bsp_key_init)
    bsp_kmd_usb_callback                     0x080013a9   Thumb Code    10  main.o(.text.bsp_kmd_usb_callback)
    bsp_led_init                             0x080013b5   Thumb Code    54  bsp_led.o(.text.bsp_led_init)
    bsp_protocol_init                        0x080013ed   Thumb Code    72  bsp_kmd.o(.text.bsp_protocol_init)
    bsp_systick_delay_ms                     0x08001435   Thumb Code    28  bsp_systick.o(.text.bsp_systick_delay_ms)
    bsp_systick_delay_us                     0x08001451   Thumb Code   100  bsp_systick.o(.text.bsp_systick_delay_us)
    bsp_systick_get_ms_since                 0x080014b5   Thumb Code    14  bsp_systick.o(.text.bsp_systick_get_ms_since)
    bsp_systick_get_tick_ms                  0x080014c5   Thumb Code    12  bsp_systick.o(.text.bsp_systick_get_tick_ms)
    bsp_systick_init                         0x080014d1   Thumb Code   110  bsp_systick.o(.text.bsp_systick_init)
    bsp_timer5_init                          0x08001541   Thumb Code    98  bsp_timer.o(.text.bsp_timer5_init)
    bsp_usb_can_callback                     0x080015a5   Thumb Code    70  bsp_kmd.o(.text.bsp_usb_can_callback)
    bsp_usb_transmit                         0x08001639   Thumb Code    24  main.o(.text.bsp_usb_transmit)
    can1_filter_start_bank                   0x08001651   Thumb Code    46  gd32c10x_can.o(.text.can1_filter_start_bank)
    can_deinit                               0x08001681   Thumb Code    36  gd32c10x_can.o(.text.can_deinit)
    can_filter_init                          0x080016a5   Thumb Code   178  gd32c10x_can.o(.text.can_filter_init)
    can_init                                 0x08001759   Thumb Code   336  gd32c10x_can.o(.text.can_init)
    can_interrupt_enable                     0x080018a9   Thumb Code     8  gd32c10x_can.o(.text.can_interrupt_enable)
    can_struct_para_init                     0x080018b1   Thumb Code   154  gd32c10x_can.o(.text.can_struct_para_init)
    can_transmit_states                      0x0800194d   Thumb Code    84  gd32c10x_can.o(.text.can_transmit_states)
    crc_16                                   0x08001c15   Thumb Code    76  bsp_crc16.o(.text.crc_16)
    crc_8                                    0x08001c61   Thumb Code    54  bsp_crc8.o(.text.crc_8)
    exti_init                                0x08001ca9   Thumb Code   156  gd32c10x_exti.o(.text.exti_init)
    exti_interrupt_enable                    0x08001d45   Thumb Code    16  gd32c10x_exti.o(.text.exti_interrupt_enable)
    exti_interrupt_flag_clear                0x08001d55   Thumb Code    12  gd32c10x_exti.o(.text.exti_interrupt_flag_clear)
    get_protocol_size                        0x08001dc1   Thumb Code    10  bsp_protocol.o(.text.get_protocol_size)
    gpio_bit_reset                           0x08001dcd   Thumb Code     4  gd32c10x_gpio.o(.text.gpio_bit_reset)
    gpio_bit_set                             0x08001dd1   Thumb Code     4  gd32c10x_gpio.o(.text.gpio_bit_set)
    gpio_init                                0x08001dd5   Thumb Code   182  gd32c10x_gpio.o(.text.gpio_init)
    gpio_input_bit_get                       0x08001e8d   Thumb Code    10  gd32c10x_gpio.o(.text.gpio_input_bit_get)
    gpio_pin_remap_config                    0x08001e99   Thumb Code   122  gd32c10x_gpio.o(.text.gpio_pin_remap_config)
    hal_kmd_cali_receive_callback            0x08001f15   Thumb Code   184  hal_kmd_foc.o(.text.hal_kmd_cali_receive_callback)
    hal_kmd_disable_motor                    0x08001fcd   Thumb Code    32  hal_kmd_foc.o(.text.hal_kmd_disable_motor)
    hal_kmd_frame_receive_callback           0x08001fed   Thumb Code   474  hal_kmd_foc.o(.text.hal_kmd_frame_receive_callback)
    hal_kmd_get_bus                          0x08002349   Thumb Code    32  hal_kmd_foc.o(.text.hal_kmd_get_bus)
    hal_kmd_get_current                      0x08002369   Thumb Code    32  hal_kmd_foc.o(.text.hal_kmd_get_current)
    hal_kmd_get_device_id_00_63              0x08002389   Thumb Code    32  hal_kmd_foc.o(.text.hal_kmd_get_device_id_00_63)
    hal_kmd_get_device_id_64_95              0x080023a9   Thumb Code    32  hal_kmd_foc.o(.text.hal_kmd_get_device_id_64_95)
    hal_kmd_get_position                     0x080023c9   Thumb Code    32  hal_kmd_foc.o(.text.hal_kmd_get_position)
    hal_kmd_get_velocity                     0x080023e9   Thumb Code    32  hal_kmd_foc.o(.text.hal_kmd_get_velocity)
    hal_kmd_get_version                      0x08002409   Thumb Code    32  hal_kmd_foc.o(.text.hal_kmd_get_version)
    hal_kmd_motor_receive_callback           0x08002429   Thumb Code   196  hal_kmd_foc.o(.text.hal_kmd_motor_receive_callback)
    hal_kmd_set_current                      0x080024ed   Thumb Code    50  hal_kmd_foc.o(.text.hal_kmd_set_current)
    hal_kmd_set_pisotion                     0x08002521   Thumb Code    50  hal_kmd_foc.o(.text.hal_kmd_set_pisotion)
    hal_kmd_set_velocity                     0x08002555   Thumb Code    50  hal_kmd_foc.o(.text.hal_kmd_set_velocity)
    hal_kmd_user_config_receive_callback     0x080025bd   Thumb Code   108  hal_kmd_foc.o(.text.hal_kmd_user_config_receive_callback)
    init_crc16_tab                           0x0800271d   Thumb Code    90  bsp_crc16.o(.text.init_crc16_tab)
    init_protocol_pointer                    0x080027d1   Thumb Code    62  bsp_protocol.o(.text.init_protocol_pointer)
    int_to_unicode                           0x08002815   Thumb Code    54  usbd_enum.o(.text.int_to_unicode)
    key_enc_scanf                            0x0800284d   Thumb Code   146  bsp_key.o(.text.key_enc_scanf)
    key_task_scan                            0x080028e1   Thumb Code    14  bsp_key.o(.text.key_task_scan)
    kmd_app_run                              0x080028f1   Thumb Code   240  hal_kmd_app_demo.o(.text.kmd_app_run)
    kmd_button_event                         0x080029e1   Thumb Code    50  hal_kmd_app_demo.o(.text.kmd_button_event)
    kmd_foc_app_loop                         0x08002a3d   Thumb Code    28  hal_kmd_app_demo.o(.text.kmd_foc_app_loop)
    kmd_interface_receive_callback           0x08002acd   Thumb Code   100  hal_kmd_interface.o(.text.kmd_interface_receive_callback)
    kmd_interface_transmit                   0x08002b31   Thumb Code    10  hal_kmd_interface.o(.text.kmd_interface_transmit)
    kmd_motor_menu_button_event              0x08002b3d   Thumb Code   404  hal_kmd_app_demo.o(.text.kmd_motor_menu_button_event)
    kmd_motor_mode_button_event              0x08002cd1   Thumb Code    40  hal_kmd_app_demo.o(.text.kmd_motor_mode_button_event)
    kmd_motor_mode_run                       0x08002cf9   Thumb Code  3792  hal_kmd_app_demo.o(.text.kmd_motor_mode_run)
    main                                     0x08003bc9   Thumb Code    94  main.o(.text.main)
    make_protocol                            0x08003c29   Thumb Code   148  bsp_protocol.o(.text.make_protocol)
    nvic_irq_enable                          0x08003cbd   Thumb Code   102  gd32c10x_misc.o(.text.nvic_irq_enable)
    nvic_priority_group_set                  0x08003d25   Thumb Code    20  gd32c10x_misc.o(.text.nvic_priority_group_set)
    nvic_vector_table_set                    0x08003d39   Thumb Code    28  gd32c10x_misc.o(.text.nvic_vector_table_set)
    parse_protocol                           0x08003d5d   Thumb Code   112  bsp_protocol.o(.text.parse_protocol)
    pmu_to_deepsleepmode                     0x08003dcd   Thumb Code   198  gd32c10x_pmu.o(.text.pmu_to_deepsleepmode)
    rcu_clock_freq_get                       0x08003e95   Thumb Code   236  gd32c10x_rcu.o(.text.rcu_clock_freq_get)
    rcu_periph_clock_enable                  0x08003f99   Thumb Code    30  gd32c10x_rcu.o(.text.rcu_periph_clock_enable)
    rcu_periph_reset_disable                 0x08003fb9   Thumb Code    32  gd32c10x_rcu.o(.text.rcu_periph_reset_disable)
    rcu_periph_reset_enable                  0x08003fd9   Thumb Code    30  gd32c10x_rcu.o(.text.rcu_periph_reset_enable)
    rcu_usb_clock_config                     0x08003ff9   Thumb Code    20  gd32c10x_rcu.o(.text.rcu_usb_clock_config)
    serial_string_get                        0x0800400d   Thumb Code    72  usbd_enum.o(.text.serial_string_get)
    timer_auto_reload_shadow_enable          0x080041c5   Thumb Code    10  gd32c10x_timer.o(.text.timer_auto_reload_shadow_enable)
    timer_deinit                             0x080041d1   Thumb Code   324  gd32c10x_timer.o(.text.timer_deinit)
    timer_disable                            0x08004315   Thumb Code    10  gd32c10x_timer.o(.text.timer_disable)
    timer_enable                             0x08004321   Thumb Code    10  gd32c10x_timer.o(.text.timer_enable)
    timer_init                               0x0800432d   Thumb Code   192  gd32c10x_timer.o(.text.timer_init)
    timer_interrupt_disable                  0x080043ed   Thumb Code    10  gd32c10x_timer.o(.text.timer_interrupt_disable)
    timer_interrupt_enable                   0x080043f9   Thumb Code     8  gd32c10x_timer.o(.text.timer_interrupt_enable)
    timer_interrupt_flag_clear               0x08004401   Thumb Code     6  gd32c10x_timer.o(.text.timer_interrupt_flag_clear)
    timer_interrupt_flag_get                 0x08004409   Thumb Code    22  gd32c10x_timer.o(.text.timer_interrupt_flag_get)
    timer_struct_para_init                   0x08004421   Thumb Code    18  gd32c10x_timer.o(.text.timer_struct_para_init)
    usb_basic_init                           0x08004439   Thumb Code   186  drv_usb_core.o(.text.usb_basic_init)
    usb_clear_txfifo                         0x080044f5   Thumb Code    80  main.o(.text.usb_clear_txfifo)
    usb_clock_active                         0x08004545   Thumb Code    28  drv_usb_dev.o(.text.usb_clock_active)
    usb_core_init                            0x08004561   Thumb Code   146  drv_usb_core.o(.text.usb_core_init)
    usb_ctlep_startout                       0x08004611   Thumb Code    34  drv_usb_dev.o(.text.usb_ctlep_startout)
    usb_curmode_set                          0x08004635   Thumb Code    36  drv_usb_core.o(.text.usb_curmode_set)
    usb_data_transmit                        0x08004659   Thumb Code   130  main.o(.text.usb_data_transmit)
    usb_devcore_init                         0x08004709   Thumb Code   240  drv_usb_dev.o(.text.usb_devcore_init)
    usb_devint_enable                        0x08004801   Thumb Code    54  drv_usb_dev.o(.text.usb_devint_enable)
    usb_emptytxfifo_write                    0x08004839   Thumb Code   176  main.o(.text.usb_emptytxfifo_write)
    usb_iepintr_read                         0x08004921   Thumb Code    28  drv_usb_dev.o(.text.usb_iepintr_read)
    usb_int_epin                             0x0800493d   Thumb Code   144  main.o(.text.usb_int_epin)
    usb_intr_config                          0x080049cd   Thumb Code    68  gd32c10x_hw.o(.text.usb_intr_config)
    usb_mdelay                               0x08004a11   Thumb Code    10  gd32c10x_hw.o(.text.usb_mdelay)
    usb_rcu_config                           0x08004a3d   Thumb Code   132  gd32c10x_hw.o(.text.usb_rcu_config)
    usb_rxfifo_flush                         0x08004ac1   Thumb Code    24  drv_usb_core.o(.text.usb_rxfifo_flush)
    usb_rxfifo_read                          0x08004ad9   Thumb Code    32  drv_usb_core.o(.text.usb_rxfifo_read)
    usb_set_txfifo                           0x08004b01   Thumb Code    76  drv_usb_core.o(.text.usb_set_txfifo)
    usb_timer_init                           0x08004b4d   Thumb Code    40  gd32c10x_hw.o(.text.usb_timer_init)
    usb_timer_irq                            0x08004b75   Thumb Code    60  gd32c10x_hw.o(.text.usb_timer_irq)
    usb_transc_active                        0x08004bb1   Thumb Code   156  drv_usb_dev.o(.text.usb_transc_active)
    usb_transc_clrstall                      0x08004c4d   Thumb Code    52  drv_usb_dev.o(.text.usb_transc_clrstall)
    usb_transc_deactivate                    0x08004c81   Thumb Code    52  drv_usb_dev.o(.text.usb_transc_deactivate)
    usb_transc_inxfer                        0x08004cb5   Thumb Code   220  drv_usb_dev.o(.text.usb_transc_inxfer)
    usb_transc_outxfer                       0x08004d91   Thumb Code   102  drv_usb_dev.o(.text.usb_transc_outxfer)
    usb_transc_stall                         0x08004df9   Thumb Code    52  drv_usb_dev.o(.text.usb_transc_stall)
    usb_txfifo_flush                         0x08004e2d   Thumb Code    28  drv_usb_core.o(.text.usb_txfifo_flush)
    usb_txfifo_write                         0x08004e49   Thumb Code    38  drv_usb_core.o(.text.usb_txfifo_write)
    usb_udelay                               0x08004e71   Thumb Code    10  gd32c10x_hw.o(.text.usb_udelay)
    usb_vcp_auto_receive                     0x08004e7d   Thumb Code   114  main.o(.text.usb_vcp_auto_receive)
    usbd_class_request                       0x08004ef9   Thumb Code    32  usbd_enum.o(.text.usbd_class_request)
    usbd_connect                             0x08004f19   Thumb Code    14  usbd_core.o(.text.usbd_connect)
    usbd_ctl_recev                           0x08004f29   Thumb Code    44  usbd_transc.o(.text.usbd_ctl_recev)
    usbd_ctl_send                            0x08004f55   Thumb Code    44  usbd_transc.o(.text.usbd_ctl_send)
    usbd_ctl_status_recev                    0x08004f81   Thumb Code    32  usbd_transc.o(.text.usbd_ctl_status_recev)
    usbd_ctl_status_send                     0x08004fa1   Thumb Code    32  usbd_transc.o(.text.usbd_ctl_status_send)
    usbd_disconnect                          0x08004fc1   Thumb Code    14  usbd_core.o(.text.usbd_disconnect)
    usbd_enum_error                          0x08005081   Thumb Code    26  usbd_enum.o(.text.usbd_enum_error)
    usbd_ep_clear                            0x0800509d   Thumb Code    46  usbd_core.o(.text.usbd_ep_clear)
    usbd_ep_recev                            0x080050cd   Thumb Code    52  usbd_core.o(.text.usbd_ep_recev)
    usbd_ep_send                             0x08005101   Thumb Code    50  usbd_core.o(.text.usbd_ep_send)
    usbd_ep_setup                            0x08005135   Thumb Code   114  usbd_core.o(.text.usbd_ep_setup)
    usbd_ep_stall                            0x080051a9   Thumb Code    50  usbd_core.o(.text.usbd_ep_stall)
    usbd_ep_stall_clear                      0x080051dd   Thumb Code    50  usbd_core.o(.text.usbd_ep_stall_clear)
    usbd_in_transc                           0x08005211   Thumb Code   146  usbd_transc.o(.text.usbd_in_transc)
    usbd_init                                0x080052a5   Thumb Code    96  usbd_core.o(.text.usbd_init)
    usbd_isr                                 0x08005671   Thumb Code   222  drv_usbd_int.o(.text.usbd_isr)
    usbd_out_transc                          0x08005751   Thumb Code   118  usbd_transc.o(.text.usbd_out_transc)
    usbd_setup_transc                        0x080057c9   Thumb Code   126  usbd_transc.o(.text.usbd_setup_transc)
    usbd_standard_request                    0x08005849   Thumb Code    16  usbd_enum.o(.text.usbd_standard_request)
    usbd_vendor_request                      0x0800588d   Thumb Code     4  usbd_enum.o(.text.usbd_vendor_request)
    __ARM_fpclassify                         0x08005891   Thumb Code    48  fpclassify.o(i.__ARM_fpclassify)
    __hardfp_sin                             0x080058c1   Thumb Code   180  sin.o(i.__hardfp_sin)
    __ieee754_rem_pio2                       0x08005989   Thumb Code   938  rred.o(i.__ieee754_rem_pio2)
    __kernel_cos                             0x08005dc1   Thumb Code   322  cos_i.o(i.__kernel_cos)
    __kernel_poly                            0x08005f31   Thumb Code   248  poly.o(i.__kernel_poly)
    __kernel_sin                             0x08006029   Thumb Code   280  sin_i.o(i.__kernel_sin)
    __mathlib_dbl_infnan                     0x08006159   Thumb Code    20  dunder.o(i.__mathlib_dbl_infnan)
    __mathlib_dbl_invalid                    0x08006171   Thumb Code    24  dunder.o(i.__mathlib_dbl_invalid)
    __mathlib_dbl_underflow                  0x08006191   Thumb Code    24  dunder.o(i.__mathlib_dbl_underflow)
    __scatterload_copy                       0x080061b1   Thumb Code    14  handlers.o(i.__scatterload_copy)
    __scatterload_null                       0x080061bf   Thumb Code     2  handlers.o(i.__scatterload_null)
    __scatterload_zeroinit                   0x080061c1   Thumb Code    14  handlers.o(i.__scatterload_zeroinit)
    __set_errno                              0x080061d1   Thumb Code     6  errno.o(i.__set_errno)
    fabs                                     0x080061dd   Thumb Code    24  fabs.o(i.fabs)
    KMD_CONFIG_MAP_MAX_LENGTH                0x08006320   Data           1  hal_kmd_foc.o(.rodata.KMD_CONFIG_MAP_MAX_LENGTH)
    cdc_config_desc                          0x08006321   Data          67  cdc_acm_core.o(.rodata.cdc_config_desc)
    cdc_dev_desc                             0x08006364   Data          18  cdc_acm_core.o(.rodata.cdc_dev_desc)
    ep_type                                  0x0800637c   Data          16  usbd_core.o(.rodata.ep_type)
    kmd_config_map                           0x0800638c   Data          66  hal_kmd_foc.o(.rodata.kmd_config_map)
    usbd_cdc_strings                         0x080065d4   Data          16  cdc_acm_core.o(.rodata.usbd_cdc_strings)
    Region$$Table$$Base                      0x080065e8   Number         0  anon$$obj.o(Region$$Table)
    Region$$Table$$Limit                     0x08006608   Number         0  anon$$obj.o(Region$$Table)
    SystemCoreClock                          0x20000004   Data           4  system_gd32c10x.o(.data.SystemCoreClock)
    cdc_class                                0x20000008   Data          48  cdc_acm_core.o(.data.cdc_class)
    cdc_desc                                 0x20000038   Data          16  cdc_acm_core.o(.data.cdc_desc)
    mHalFocInfo                              0x20000048   Data        4500  hal_kmd_interface.o(.data.mHalFocInfo)
    tHalKmdUser                              0x20001260   Data          84  hal_kmd_foc.o(.data.tHalKmdUser)
    timer_prescaler                          0x200012b4   Data           2  gd32c10x_hw.o(.data.timer_prescaler)
    GINTF_RST_IT                             0x200012b8   Data           4  drv_usbd_int.o(.bss.GINTF_RST_IT)
    SysTickCnt                               0x200012bc   Data           4  bsp_systick.o(.bss.SysTickCnt)
    cdc_acm                                  0x200012c8   Data        1084  main.o(.bss.cdc_acm)
    delay_time                               0x20001960   Data           4  gd32c10x_hw.o(.bss.delay_time)
    filter_motor_curre                       0x20001964   Data          16  hal_kmd_app_demo.o(.bss.filter_motor_curre)
    holding_torque_angle                     0x20001974   Data          16  hal_kmd_app_demo.o(.bss.holding_torque_angle)
    key_t                                    0x20001984   Data          20  bsp_key.o(.bss.key_t)
    kmd_usb_t                                0x200019f8   Data          72  bsp_kmd.o(.bss.kmd_usb_t)
    pRxBuffer                                0x20001a40   Data         108  bsp_kmd.o(.bss.pRxBuffer)
    pRxData                                  0x20001aac   Data         256  bsp_kmd.o(.bss.pRxData)
    pTxBuffer                                0x20001bac   Data         108  bsp_kmd.o(.bss.pTxBuffer)
    pTxData                                  0x20001c18   Data          96  bsp_kmd.o(.bss.pTxData)
    ready_set_current_                       0x20001c88   Data          16  hal_kmd_app_demo.o(.bss.ready_set_current_)
    ready_set_motor_angle                    0x20001c98   Data          16  hal_kmd_app_demo.o(.bss.ready_set_motor_angle)
    ready_set_position                       0x20001ca8   Data          16  hal_kmd_app_demo.o(.bss.ready_set_position)
    ready_set_velocity                       0x20001cb8   Data          16  hal_kmd_app_demo.o(.bss.ready_set_velocity)
    realit_current_                          0x20001cc8   Data          16  hal_kmd_app_demo.o(.bss.realit_current_)
    realit_motor_angle                       0x20001cd8   Data          16  hal_kmd_app_demo.o(.bss.realit_motor_angle)
    realit_position                          0x20001ce8   Data          16  hal_kmd_app_demo.o(.bss.realit_position)
    realit_velocity                          0x20001cf8   Data          16  hal_kmd_app_demo.o(.bss.realit_velocity)
    usb_send_enable                          0x20001d0a   Data           1  main.o(.bss.usb_send_enable)
    usbfs_prescaler                          0x20001d0c   Data           4  gd32c10x_hw.o(.bss.usbfs_prescaler)
    __initial_sp                             0x20002110   Data           0  startup_gd32c10x.o(STACK)



==============================================================================

Memory Map of the image

  Image Entry point : 0x08000151

  Load Region LR_IROM1 (Base: 0x08000000, Size: 0x000078c0, Max: 0x00020000, ABSOLUTE, COMPRESSED[0x000066c0])

    Execution Region ER_IROM1 (Exec base: 0x08000000, Load base: 0x08000000, Size: 0x00006608, Max: 0x00020000, ABSOLUTE)

    Exec Addr    Load Addr    Size         Type   Attr      Idx    E Section Name        Object

    0x08000000   0x08000000   0x00000150   Data   RO         1901    RESET               startup_gd32c10x.o
    0x08000150   0x08000150   0x00000000   Code   RO         1914  * .ARM.Collect$$$$00000000  mc_w.l(entry.o)
    0x08000150   0x08000150   0x00000004   Code   RO         1986    .ARM.Collect$$$$00000001  mc_w.l(entry2.o)
    0x08000154   0x08000154   0x00000004   Code   RO         1989    .ARM.Collect$$$$00000004  mc_w.l(entry5.o)
    0x08000158   0x08000158   0x00000000   Code   RO         1991    .ARM.Collect$$$$00000008  mc_w.l(entry7b.o)
    0x08000158   0x08000158   0x00000000   Code   RO         1993    .ARM.Collect$$$$0000000A  mc_w.l(entry8b.o)
    0x08000158   0x08000158   0x00000008   Code   RO         1994    .ARM.Collect$$$$0000000B  mc_w.l(entry9a.o)
    0x08000160   0x08000160   0x00000000   Code   RO         1996    .ARM.Collect$$$$0000000D  mc_w.l(entry10a.o)
    0x08000160   0x08000160   0x00000000   Code   RO         1998    .ARM.Collect$$$$0000000F  mc_w.l(entry11a.o)
    0x08000160   0x08000160   0x00000004   Code   RO         1987    .ARM.Collect$$$$00002712  mc_w.l(entry2.o)
    0x08000164   0x08000164   0x00000024   Code   RO         1902    .text               startup_gd32c10x.o
    0x08000188   0x08000188   0x00000024   Code   RO         1917    .text               mc_w.l(memcpya.o)
    0x080001ac   0x080001ac   0x00000024   Code   RO         1919    .text               mc_w.l(memseta.o)
    0x080001d0   0x080001d0   0x000000e4   Code   RO         1951    .text               mf_w.l(dmul.o)
    0x080002b4   0x080002b4   0x00000036   Code   RO         1953    .text               mf_w.l(dcmplt.o)
    0x080002ea   0x080002ea   0x00000036   Code   RO         1955    .text               mf_w.l(dcmpge.o)
    0x08000320   0x08000320   0x00000026   Code   RO         1957    .text               mf_w.l(f2d.o)
    0x08000346   0x08000346   0x00000038   Code   RO         1959    .text               mf_w.l(d2f.o)
    0x0800037e   0x0800037e   0x00000000   Code   RO         2009    .text               mc_w.l(iusefp.o)
    0x0800037e   0x0800037e   0x0000006e   Code   RO         2010    .text               mf_w.l(fepilogue.o)
    0x080003ec   0x080003ec   0x000000ba   Code   RO         2012    .text               mf_w.l(depilogue.o)
    0x080004a6   0x080004a6   0x00000002   PAD
    0x080004a8   0x080004a8   0x00000024   Code   RO         2026    .text               mc_w.l(init.o)
    0x080004cc   0x080004cc   0x0000001e   Code   RO         2028    .text               mc_w.l(llshl.o)
    0x080004ea   0x080004ea   0x00000020   Code   RO         2030    .text               mc_w.l(llushr.o)
    0x0800050a   0x0800050a   0x0000014e   Code   RO         2032    .text               mf_w.l(dadd.o)
    0x08000658   0x08000658   0x000000de   Code   RO         2034    .text               mf_w.l(ddiv.o)
    0x08000736   0x08000736   0x00000022   Code   RO         2036    .text               mf_w.l(dflti.o)
    0x08000758   0x08000758   0x0000001a   Code   RO         2038    .text               mf_w.l(dfltui.o)
    0x08000772   0x08000772   0x0000003e   Code   RO         2040    .text               mf_w.l(dfixi.o)
    0x080007b0   0x080007b0   0x00000024   Code   RO         2042    .text               mc_w.l(llsshr.o)
    0x080007d4   0x080007d4   0x0000003a   Code   RO         2052    .text               mc_w.l(__dczerorl.o)
    0x0800080e   0x0800080e   0x00000002   PAD
    0x08000810   0x08000810   0x00000008   Code   RO            8    .text.BusFault_Handler  gd32c10x_it.o
    0x08000818   0x08000818   0x00000008   Code   RO           20    .text.CAN0_RX0_IRQHandler  gd32c10x_it.o
    0x08000820   0x08000820   0x00000008   Code   RO           22    .text.CAN1_RX0_IRQHandler  gd32c10x_it.o
    0x08000828   0x08000828   0x0000003c   Code   RO          405    .text.CRC16_Check_Sum  bsp_protocol.o
    0x08000864   0x08000864   0x0000001c   Code   RO          413    .text.CRC8_Check_Sum  bsp_protocol.o
    0x08000880   0x08000880   0x00000008   Code   RO           14    .text.DebugMon_Handler  gd32c10x_it.o
    0x08000888   0x08000888   0x0000000c   Code   RO           85    .text.Error_Handler  main.o
    0x08000894   0x08000894   0x0000000a   Code   RO          399    .text.Get_CRC16_Check  bsp_protocol.o
    0x0800089e   0x0800089e   0x00000002   PAD
    0x080008a0   0x080008a0   0x0000000a   Code   RO          397    .text.Get_CRC8_Check  bsp_protocol.o
    0x080008aa   0x080008aa   0x00000002   PAD
    0x080008ac   0x080008ac   0x00000008   Code   RO            4    .text.HardFault_Handler  gd32c10x_it.o
    0x080008b4   0x080008b4   0x00000008   Code   RO            6    .text.MemManage_Handler  gd32c10x_it.o
    0x080008bc   0x080008bc   0x00000008   Code   RO            2    .text.NMI_Handler   gd32c10x_it.o
    0x080008c4   0x080008c4   0x0000000e   Code   RO          177    .text.NVIC_SetPriority  bsp_systick.o
    0x080008d2   0x080008d2   0x00000002   PAD
    0x080008d4   0x080008d4   0x00000022   Code   RO           87    .text.NVIC_SystemReset  main.o
    0x080008f6   0x080008f6   0x00000002   PAD
    0x080008f8   0x080008f8   0x00000008   Code   RO           16    .text.PendSV_Handler  gd32c10x_it.o
    0x08000900   0x08000900   0x00000008   Code   RO           12    .text.SVC_Handler   gd32c10x_it.o
    0x08000908   0x08000908   0x0000002a   Code   RO          175    .text.SysTick_Config  bsp_systick.o
    0x08000932   0x08000932   0x00000002   PAD
    0x08000934   0x08000934   0x00000010   Code   RO           18    .text.SysTick_Handler  gd32c10x_it.o
    0x08000944   0x08000944   0x000000a8   Code   RO          454    .text.SystemInit    system_gd32c10x.o
    0x080009ec   0x080009ec   0x00000008   Code   RO           26    .text.TIMER2_IRQHandler  gd32c10x_it.o
    0x080009f4   0x080009f4   0x00000060   Code   RO           24    .text.TIMER5_IRQHandler  gd32c10x_it.o
    0x08000a54   0x08000a54   0x00000014   Code   RO           28    .text.USBFS_IRQHandler  gd32c10x_it.o
    0x08000a68   0x08000a68   0x0000003e   Code   RO           30    .text.USBFS_WKUP_IRQHandler  gd32c10x_it.o
    0x08000aa6   0x08000aa6   0x00000002   PAD
    0x08000aa8   0x08000aa8   0x00000008   Code   RO           10    .text.UsageFault_Handler  gd32c10x_it.o
    0x08000ab0   0x08000ab0   0x0000000c   Code   RO         1824    .text._usb_bos_desc_get  usbd_enum.o
    0x08000abc   0x08000abc   0x0000000c   Code   RO         1828    .text._usb_config_desc_get  usbd_enum.o
    0x08000ac8   0x08000ac8   0x0000000c   Code   RO         1826    .text._usb_dev_desc_get  usbd_enum.o
    0x08000ad4   0x08000ad4   0x00000068   Code   RO         1798    .text._usb_std_clearfeature  usbd_enum.o
    0x08000b3c   0x08000b3c   0x00000046   Code   RO         1810    .text._usb_std_getconfiguration  usbd_enum.o
    0x08000b82   0x08000b82   0x00000002   PAD
    0x08000b84   0x08000b84   0x000000d0   Code   RO         1806    .text._usb_std_getdescriptor  usbd_enum.o
    0x08000c54   0x08000c54   0x0000002e   Code   RO         1814    .text._usb_std_getinterface  usbd_enum.o
    0x08000c82   0x08000c82   0x00000002   PAD
    0x08000c84   0x08000c84   0x000000be   Code   RO         1796    .text._usb_std_getstatus  usbd_enum.o
    0x08000d42   0x08000d42   0x00000002   PAD
    0x08000d44   0x08000d44   0x00000004   Code   RO         1800    .text._usb_std_reserved  usbd_enum.o
    0x08000d48   0x08000d48   0x0000003c   Code   RO         1804    .text._usb_std_setaddress  usbd_enum.o
    0x08000d84   0x08000d84   0x0000008c   Code   RO         1812    .text._usb_std_setconfiguration  usbd_enum.o
    0x08000e10   0x08000e10   0x00000004   Code   RO         1808    .text._usb_std_setdescriptor  usbd_enum.o
    0x08000e14   0x08000e14   0x00000060   Code   RO         1802    .text._usb_std_setfeature  usbd_enum.o
    0x08000e74   0x08000e74   0x00000024   Code   RO         1816    .text._usb_std_setinterface  usbd_enum.o
    0x08000e98   0x08000e98   0x00000004   Code   RO         1818    .text._usb_std_synchframe  usbd_enum.o
    0x08000e9c   0x08000e9c   0x00000010   Code   RO         1830    .text._usb_str_desc_get  usbd_enum.o
    0x08000eac   0x08000eac   0x000000d6   Code   RO          101    .text.bsp_can0_init  bsp_can.o
    0x08000f82   0x08000f82   0x00000002   PAD
    0x08000f84   0x08000f84   0x00000028   Code   RO          113    .text.bsp_can0_irq_callback  bsp_can.o
    0x08000fac   0x08000fac   0x0000006e   Code   RO          107    .text.bsp_can0_receive  bsp_can.o
    0x0800101a   0x0800101a   0x00000002   PAD
    0x0800101c   0x0800101c   0x000000be   Code   RO          105    .text.bsp_can0_transmit  bsp_can.o
    0x080010da   0x080010da   0x00000002   PAD
    0x080010dc   0x080010dc   0x000000f2   Code   RO          103    .text.bsp_can1_init  bsp_can.o
    0x080011ce   0x080011ce   0x00000002   PAD
    0x080011d0   0x080011d0   0x00000028   Code   RO          115    .text.bsp_can1_irq_callback  bsp_can.o
    0x080011f8   0x080011f8   0x0000006e   Code   RO          111    .text.bsp_can1_receive  bsp_can.o
    0x08001266   0x08001266   0x00000002   PAD
    0x08001268   0x08001268   0x000000be   Code   RO          109    .text.bsp_can1_transmit  bsp_can.o
    0x08001326   0x08001326   0x00000002   PAD
    0x08001328   0x08001328   0x00000016   Code   RO          146    .text.bsp_can_can_transmit  bsp_kmd.o
    0x0800133e   0x0800133e   0x00000002   PAD
    0x08001340   0x08001340   0x00000038   Code   RO          148    .text.bsp_can_usb_transmit  bsp_kmd.o
    0x08001378   0x08001378   0x0000002e   Code   RO          125    .text.bsp_key_init  bsp_key.o
    0x080013a6   0x080013a6   0x00000002   PAD
    0x080013a8   0x080013a8   0x0000000a   Code   RO           69    .text.bsp_kmd_usb_callback  main.o
    0x080013b2   0x080013b2   0x00000002   PAD
    0x080013b4   0x080013b4   0x00000036   Code   RO          165    .text.bsp_led_init  bsp_led.o
    0x080013ea   0x080013ea   0x00000002   PAD
    0x080013ec   0x080013ec   0x00000048   Code   RO          140    .text.bsp_protocol_init  bsp_kmd.o
    0x08001434   0x08001434   0x0000001c   Code   RO          189    .text.bsp_systick_delay_ms  bsp_systick.o
    0x08001450   0x08001450   0x00000064   Code   RO          187    .text.bsp_systick_delay_us  bsp_systick.o
    0x080014b4   0x080014b4   0x0000000e   Code   RO          185    .text.bsp_systick_get_ms_since  bsp_systick.o
    0x080014c2   0x080014c2   0x00000002   PAD
    0x080014c4   0x080014c4   0x0000000c   Code   RO          183    .text.bsp_systick_get_tick_ms  bsp_systick.o
    0x080014d0   0x080014d0   0x0000006e   Code   RO          173    .text.bsp_systick_init  bsp_systick.o
    0x0800153e   0x0800153e   0x00000002   PAD
    0x08001540   0x08001540   0x00000062   Code   RO          200    .text.bsp_timer5_init  bsp_timer.o
    0x080015a2   0x080015a2   0x00000002   PAD
    0x080015a4   0x080015a4   0x00000046   Code   RO          142    .text.bsp_usb_can_callback  bsp_kmd.o
    0x080015ea   0x080015ea   0x00000002   PAD
    0x080015ec   0x080015ec   0x00000032   Code   RO          144    .text.bsp_usb_can_parse  bsp_kmd.o
    0x0800161e   0x0800161e   0x00000002   PAD
    0x08001620   0x08001620   0x00000016   Code   RO          150    .text.bsp_usb_can_transmit  bsp_kmd.o
    0x08001636   0x08001636   0x00000002   PAD
    0x08001638   0x08001638   0x00000018   Code   RO           77    .text.bsp_usb_transmit  main.o
    0x08001650   0x08001650   0x0000002e   Code   RO          583    .text.can1_filter_start_bank  gd32c10x_can.o
    0x0800167e   0x0800167e   0x00000002   PAD
    0x08001680   0x08001680   0x00000024   Code   RO          555    .text.can_deinit    gd32c10x_can.o
    0x080016a4   0x080016a4   0x000000b2   Code   RO          563    .text.can_filter_init  gd32c10x_can.o
    0x08001756   0x08001756   0x00000002   PAD
    0x08001758   0x08001758   0x00000150   Code   RO          559    .text.can_init      gd32c10x_can.o
    0x080018a8   0x080018a8   0x00000008   Code   RO          613    .text.can_interrupt_enable  gd32c10x_can.o
    0x080018b0   0x080018b0   0x0000009a   Code   RO          557    .text.can_struct_para_init  gd32c10x_can.o
    0x0800194a   0x0800194a   0x00000002   PAD
    0x0800194c   0x0800194c   0x00000060   Code   RO          595    .text.can_transmit_states  gd32c10x_can.o
    0x080019ac   0x080019ac   0x0000001e   Code   RO         1866    .text.cdc_acm_deinit  cdc_acm_core.o
    0x080019ca   0x080019ca   0x00000002   PAD
    0x080019cc   0x080019cc   0x0000003a   Code   RO         1872    .text.cdc_acm_in    cdc_acm_core.o
    0x08001a06   0x08001a06   0x00000002   PAD
    0x08001a08   0x08001a08   0x00000052   Code   RO         1864    .text.cdc_acm_init  cdc_acm_core.o
    0x08001a5a   0x08001a5a   0x00000002   PAD
    0x08001a5c   0x08001a5c   0x0000001a   Code   RO         1874    .text.cdc_acm_out   cdc_acm_core.o
    0x08001a76   0x08001a76   0x00000002   PAD
    0x08001a78   0x08001a78   0x00000048   Code   RO         1868    .text.cdc_acm_req   cdc_acm_core.o
    0x08001ac0   0x08001ac0   0x0000002c   Code   RO         1870    .text.cdc_ctlx_out  cdc_acm_core.o
    0x08001aec   0x08001aec   0x00000018   Code   RO          403    .text.check_protocol_heade  bsp_protocol.o
    0x08001b04   0x08001b04   0x00000034   Code   RO          334    .text.config_current_limit  hal_kmd_app_demo.o
    0x08001b38   0x08001b38   0x0000000e   Code   RO          316    .text.config_heartbeat_ch  hal_kmd_app_demo.o
    0x08001b46   0x08001b46   0x00000002   PAD
    0x08001b48   0x08001b48   0x0000000e   Code   RO          318    .text.config_heartbeat_ms  hal_kmd_app_demo.o
    0x08001b56   0x08001b56   0x00000002   PAD
    0x08001b58   0x08001b58   0x00000064   Code   RO          330    .text.config_kmd_work_mode  hal_kmd_app_demo.o
    0x08001bbc   0x08001bbc   0x00000010   Code   RO          320    .text.config_vel_gain  hal_kmd_app_demo.o
    0x08001bcc   0x08001bcc   0x00000010   Code   RO          322    .text.config_vel_integrator_gain  hal_kmd_app_demo.o
    0x08001bdc   0x08001bdc   0x00000038   Code   RO          332    .text.config_velocity_limit  hal_kmd_app_demo.o
    0x08001c14   0x08001c14   0x0000004c   Code   RO          436    .text.crc_16        bsp_crc16.o
    0x08001c60   0x08001c60   0x00000036   Code   RO          423    .text.crc_8         bsp_crc8.o
    0x08001c96   0x08001c96   0x00000002   PAD
    0x08001c98   0x08001c98   0x00000008   Code   RO          214    .text.data_to_float  hal_kmd_foc.o
    0x08001ca0   0x08001ca0   0x00000004   Code   RO          216    .text.data_to_int   hal_kmd_foc.o
    0x08001ca4   0x08001ca4   0x00000004   Code   RO          210    .text.data_to_uint32  hal_kmd_foc.o
    0x08001ca8   0x08001ca8   0x0000009c   Code   RO          855    .text.exti_init     gd32c10x_exti.o
    0x08001d44   0x08001d44   0x00000010   Code   RO          857    .text.exti_interrupt_enable  gd32c10x_exti.o
    0x08001d54   0x08001d54   0x0000000c   Code   RO          871    .text.exti_interrupt_flag_clear  gd32c10x_exti.o
    0x08001d60   0x08001d60   0x00000008   Code   RO          234    .text.float_to_data  hal_kmd_foc.o
    0x08001d68   0x08001d68   0x00000008   Code   RO          338    .text.float_to_data  hal_kmd_app_demo.o
    0x08001d70   0x08001d70   0x00000050   Code   RO          342    .text.get_config_data  hal_kmd_app_demo.o
    0x08001dc0   0x08001dc0   0x0000000a   Code   RO          381    .text.get_protocol_size  bsp_protocol.o
    0x08001dca   0x08001dca   0x00000002   PAD
    0x08001dcc   0x08001dcc   0x00000004   Code   RO          991    .text.gpio_bit_reset  gd32c10x_gpio.o
    0x08001dd0   0x08001dd0   0x00000004   Code   RO          989    .text.gpio_bit_set  gd32c10x_gpio.o
    0x08001dd4   0x08001dd4   0x000000b6   Code   RO          987    .text.gpio_init     gd32c10x_gpio.o
    0x08001e8a   0x08001e8a   0x00000002   PAD
    0x08001e8c   0x08001e8c   0x0000000a   Code   RO          997    .text.gpio_input_bit_get  gd32c10x_gpio.o
    0x08001e96   0x08001e96   0x00000002   PAD
    0x08001e98   0x08001e98   0x0000007a   Code   RO         1005    .text.gpio_pin_remap_config  gd32c10x_gpio.o
    0x08001f12   0x08001f12   0x00000002   PAD
    0x08001f14   0x08001f14   0x000000b8   Code   RO          222    .text.hal_kmd_cali_receive_callback  hal_kmd_foc.o
    0x08001fcc   0x08001fcc   0x00000020   Code   RO          228    .text.hal_kmd_disable_motor  hal_kmd_foc.o
    0x08001fec   0x08001fec   0x000001da   Code   RO          224    .text.hal_kmd_frame_receive_callback  hal_kmd_foc.o
    0x080021c6   0x080021c6   0x00000002   PAD
    0x080021c8   0x080021c8   0x00000030   Code   RO          268    .text.hal_kmd_fsm_motor_cali_start  hal_kmd_foc.o
    0x080021f8   0x080021f8   0x00000030   Code   RO          270    .text.hal_kmd_fsm_motor_cali_stop  hal_kmd_foc.o
    0x08002228   0x08002228   0x00000030   Code   RO          274    .text.hal_kmd_fsm_motor_configs_reset  hal_kmd_foc.o
    0x08002258   0x08002258   0x00000030   Code   RO          272    .text.hal_kmd_fsm_motor_configs_updata  hal_kmd_foc.o
    0x08002288   0x08002288   0x00000030   Code   RO          260    .text.hal_kmd_fsm_motor_disable  hal_kmd_foc.o
    0x080022b8   0x080022b8   0x00000030   Code   RO          262    .text.hal_kmd_fsm_motor_enable  hal_kmd_foc.o
    0x080022e8   0x080022e8   0x00000030   Code   RO          266    .text.hal_kmd_fsm_motor_get_state  hal_kmd_foc.o
    0x08002318   0x08002318   0x00000030   Code   RO          264    .text.hal_kmd_fsm_motor_reset_error  hal_kmd_foc.o
    0x08002348   0x08002348   0x00000020   Code   RO          246    .text.hal_kmd_get_bus  hal_kmd_foc.o
    0x08002368   0x08002368   0x00000020   Code   RO          244    .text.hal_kmd_get_current  hal_kmd_foc.o
    0x08002388   0x08002388   0x00000020   Code   RO          248    .text.hal_kmd_get_device_id_00_63  hal_kmd_foc.o
    0x080023a8   0x080023a8   0x00000020   Code   RO          250    .text.hal_kmd_get_device_id_64_95  hal_kmd_foc.o
    0x080023c8   0x080023c8   0x00000020   Code   RO          240    .text.hal_kmd_get_position  hal_kmd_foc.o
    0x080023e8   0x080023e8   0x00000020   Code   RO          242    .text.hal_kmd_get_velocity  hal_kmd_foc.o
    0x08002408   0x08002408   0x00000020   Code   RO          252    .text.hal_kmd_get_version  hal_kmd_foc.o
    0x08002428   0x08002428   0x000000c4   Code   RO          218    .text.hal_kmd_motor_receive_callback  hal_kmd_foc.o
    0x080024ec   0x080024ec   0x00000032   Code   RO          238    .text.hal_kmd_set_current  hal_kmd_foc.o
    0x0800251e   0x0800251e   0x00000002   PAD
    0x08002520   0x08002520   0x00000032   Code   RO          232    .text.hal_kmd_set_pisotion  hal_kmd_foc.o
    0x08002552   0x08002552   0x00000002   PAD
    0x08002554   0x08002554   0x00000032   Code   RO          236    .text.hal_kmd_set_velocity  hal_kmd_foc.o
    0x08002586   0x08002586   0x00000002   PAD
    0x08002588   0x08002588   0x00000032   Code   RO          278    .text.hal_kmd_user_config_get  hal_kmd_foc.o
    0x080025ba   0x080025ba   0x00000002   PAD
    0x080025bc   0x080025bc   0x0000006c   Code   RO          208    .text.hal_kmd_user_config_receive_callback  hal_kmd_foc.o
    0x08002628   0x08002628   0x00000034   Code   RO          276    .text.hal_kmd_user_config_set  hal_kmd_foc.o
    0x0800265c   0x0800265c   0x0000000c   Code   RO          230    .text.hal_make_frame_id  hal_kmd_foc.o
    0x08002668   0x08002668   0x00000006   Code   RO          256    .text.hal_make_order_id  hal_kmd_foc.o
    0x0800266e   0x0800266e   0x00000002   PAD
    0x08002670   0x08002670   0x0000000c   Code   RO          226    .text.hal_parse_frame_id  hal_kmd_foc.o
    0x0800267c   0x0800267c   0x0000000a   Code   RO          212    .text.hal_parse_order_id  hal_kmd_foc.o
    0x08002686   0x08002686   0x00000002   PAD
    0x08002688   0x08002688   0x00000028   Code   RO           48    .text.hw_delay      gd32c10x_hw.o
    0x080026b0   0x080026b0   0x0000006c   Code   RO           54    .text.hw_time_set   gd32c10x_hw.o
    0x0800271c   0x0800271c   0x0000005a   Code   RO          438    .text.init_crc16_tab  bsp_crc16.o
    0x08002776   0x08002776   0x00000002   PAD
    0x08002778   0x08002778   0x00000026   Code   RO          391    .text.init_frame_pointer  bsp_protocol.o
    0x0800279e   0x0800279e   0x00000002   PAD
    0x080027a0   0x080027a0   0x00000030   Code   RO          393    .text.init_message_pointer  bsp_protocol.o
    0x080027d0   0x080027d0   0x0000003e   Code   RO          389    .text.init_protocol_pointer  bsp_protocol.o
    0x0800280e   0x0800280e   0x00000002   PAD
    0x08002810   0x08002810   0x00000004   Code   RO          340    .text.int_to_data   hal_kmd_app_demo.o
    0x08002814   0x08002814   0x00000036   Code   RO         1792    .text.int_to_unicode  usbd_enum.o
    0x0800284a   0x0800284a   0x00000002   PAD
    0x0800284c   0x0800284c   0x00000092   Code   RO          129    .text.key_enc_scanf  bsp_key.o
    0x080028de   0x080028de   0x00000002   PAD
    0x080028e0   0x080028e0   0x0000000e   Code   RO          127    .text.key_task_scan  bsp_key.o
    0x080028ee   0x080028ee   0x00000002   PAD
    0x080028f0   0x080028f0   0x000000f0   Code   RO          308    .text.kmd_app_run   hal_kmd_app_demo.o
    0x080029e0   0x080029e0   0x00000032   Code   RO          306    .text.kmd_button_event  hal_kmd_app_demo.o
    0x08002a12   0x08002a12   0x00000002   PAD
    0x08002a14   0x08002a14   0x0000000e   Code   RO          324    .text.kmd_check_motor_calib_valid  hal_kmd_app_demo.o
    0x08002a22   0x08002a22   0x00000002   PAD
    0x08002a24   0x08002a24   0x00000016   Code   RO          310    .text.kmd_check_motor_state  hal_kmd_app_demo.o
    0x08002a3a   0x08002a3a   0x00000002   PAD
    0x08002a3c   0x08002a3c   0x0000001c   Code   RO          304    .text.kmd_foc_app_loop  hal_kmd_app_demo.o
    0x08002a58   0x08002a58   0x00000074   Code   RO          326    .text.kmd_get_config_info  hal_kmd_app_demo.o
    0x08002acc   0x08002acc   0x00000064   Code   RO          293    .text.kmd_interface_receive_callback  hal_kmd_interface.o
    0x08002b30   0x08002b30   0x0000000a   Code   RO          291    .text.kmd_interface_transmit  hal_kmd_interface.o
    0x08002b3a   0x08002b3a   0x00000002   PAD
    0x08002b3c   0x08002b3c   0x00000194   Code   RO          314    .text.kmd_motor_menu_button_event  hal_kmd_app_demo.o
    0x08002cd0   0x08002cd0   0x00000028   Code   RO          312    .text.kmd_motor_mode_button_event  hal_kmd_app_demo.o
    0x08002cf8   0x08002cf8   0x00000ed0   Code   RO          328    .text.kmd_motor_mode_run  hal_kmd_app_demo.o
    0x08003bc8   0x08003bc8   0x0000005e   Code   RO           67    .text.main          main.o
    0x08003c26   0x08003c26   0x00000002   PAD
    0x08003c28   0x08003c28   0x00000094   Code   RO          395    .text.make_protocol  bsp_protocol.o
    0x08003cbc   0x08003cbc   0x00000066   Code   RO         1109    .text.nvic_irq_enable  gd32c10x_misc.o
    0x08003d22   0x08003d22   0x00000002   PAD
    0x08003d24   0x08003d24   0x00000014   Code   RO         1107    .text.nvic_priority_group_set  gd32c10x_misc.o
    0x08003d38   0x08003d38   0x0000001c   Code   RO         1113    .text.nvic_vector_table_set  gd32c10x_misc.o
    0x08003d54   0x08003d54   0x00000008   Code   RO          220    .text.parse_motor_state  hal_kmd_foc.o
    0x08003d5c   0x08003d5c   0x00000070   Code   RO          401    .text.parse_protocol  bsp_protocol.o
    0x08003dcc   0x08003dcc   0x000000c6   Code   RO         1139    .text.pmu_to_deepsleepmode  gd32c10x_pmu.o
    0x08003e92   0x08003e92   0x00000002   PAD
    0x08003e94   0x08003e94   0x00000104   Code   RO         1253    .text.rcu_clock_freq_get  gd32c10x_rcu.o
    0x08003f98   0x08003f98   0x0000001e   Code   RO         1171    .text.rcu_periph_clock_enable  gd32c10x_rcu.o
    0x08003fb6   0x08003fb6   0x00000002   PAD
    0x08003fb8   0x08003fb8   0x00000020   Code   RO         1181    .text.rcu_periph_reset_disable  gd32c10x_rcu.o
    0x08003fd8   0x08003fd8   0x0000001e   Code   RO         1179    .text.rcu_periph_reset_enable  gd32c10x_rcu.o
    0x08003ff6   0x08003ff6   0x00000002   PAD
    0x08003ff8   0x08003ff8   0x00000014   Code   RO         1213    .text.rcu_usb_clock_config  gd32c10x_rcu.o
    0x0800400c   0x0800400c   0x00000048   Code   RO         1794    .text.serial_string_get  usbd_enum.o
    0x08004054   0x08004054   0x0000009c   Code   RO          336    .text.set_config_data  hal_kmd_app_demo.o
    0x080040f0   0x080040f0   0x000000cc   Code   RO          460    .text.system_clock_120m_hxtal  system_gd32c10x.o
    0x080041bc   0x080041bc   0x00000008   Code   RO          456    .text.system_clock_config  system_gd32c10x.o
    0x080041c4   0x080041c4   0x0000000a   Code   RO         1399    .text.timer_auto_reload_shadow_enable  gd32c10x_timer.o
    0x080041ce   0x080041ce   0x00000002   PAD
    0x080041d0   0x080041d0   0x00000144   Code   RO         1389    .text.timer_deinit  gd32c10x_timer.o
    0x08004314   0x08004314   0x0000000a   Code   RO         1397    .text.timer_disable  gd32c10x_timer.o
    0x0800431e   0x0800431e   0x00000002   PAD
    0x08004320   0x08004320   0x0000000a   Code   RO         1395    .text.timer_enable  gd32c10x_timer.o
    0x0800432a   0x0800432a   0x00000002   PAD
    0x0800432c   0x0800432c   0x000000c0   Code   RO         1393    .text.timer_init    gd32c10x_timer.o
    0x080043ec   0x080043ec   0x0000000a   Code   RO         1521    .text.timer_interrupt_disable  gd32c10x_timer.o
    0x080043f6   0x080043f6   0x00000002   PAD
    0x080043f8   0x080043f8   0x00000008   Code   RO         1519    .text.timer_interrupt_enable  gd32c10x_timer.o
    0x08004400   0x08004400   0x00000006   Code   RO         1525    .text.timer_interrupt_flag_clear  gd32c10x_timer.o
    0x08004406   0x08004406   0x00000002   PAD
    0x08004408   0x08004408   0x00000016   Code   RO         1523    .text.timer_interrupt_flag_get  gd32c10x_timer.o
    0x0800441e   0x0800441e   0x00000002   PAD
    0x08004420   0x08004420   0x00000012   Code   RO         1391    .text.timer_struct_para_init  gd32c10x_timer.o
    0x08004432   0x08004432   0x00000002   PAD
    0x08004434   0x08004434   0x00000004   Code   RO          258    .text.uint32_to_data  hal_kmd_foc.o
    0x08004438   0x08004438   0x000000ba   Code   RO         1649    .text.usb_basic_init  drv_usb_core.o
    0x080044f2   0x080044f2   0x00000002   PAD
    0x080044f4   0x080044f4   0x00000050   Code   RO           75    .text.usb_clear_txfifo  main.o
    0x08004544   0x08004544   0x0000001c   Code   RO         1701    .text.usb_clock_active  drv_usb_dev.o
    0x08004560   0x08004560   0x00000092   Code   RO         1651    .text.usb_core_init  drv_usb_core.o
    0x080045f2   0x080045f2   0x00000002   PAD
    0x080045f4   0x080045f4   0x0000001a   Code   RO         1653    .text.usb_core_reset  drv_usb_core.o
    0x0800460e   0x0800460e   0x00000002   PAD
    0x08004610   0x08004610   0x00000022   Code   RO         1697    .text.usb_ctlep_startout  drv_usb_dev.o
    0x08004632   0x08004632   0x00000002   PAD
    0x08004634   0x08004634   0x00000024   Code   RO         1665    .text.usb_curmode_set  drv_usb_core.o
    0x08004658   0x08004658   0x00000082   Code   RO           71    .text.usb_data_transmit  main.o
    0x080046da   0x080046da   0x00000002   PAD
    0x080046dc   0x080046dc   0x0000000c   Code   RO         1771    .text.usb_dev_connect  usbd_core.o
    0x080046e8   0x080046e8   0x0000000c   Code   RO         1773    .text.usb_dev_disconnect  usbd_core.o
    0x080046f4   0x080046f4   0x00000014   Code   RO         1822    .text.usb_devaddr_set  usbd_enum.o
    0x08004708   0x08004708   0x000000f8   Code   RO         1675    .text.usb_devcore_init  drv_usb_dev.o
    0x08004800   0x08004800   0x00000036   Code   RO         1679    .text.usb_devint_enable  drv_usb_dev.o
    0x08004836   0x08004836   0x00000002   PAD
    0x08004838   0x08004838   0x000000b0   Code   RO           83    .text.usb_emptytxfifo_write  main.o
    0x080048e8   0x080048e8   0x0000000c   Code   RO         1749    .text.usb_globalint_disable  usbd_core.o
    0x080048f4   0x080048f4   0x0000000c   Code   RO         1753    .text.usb_globalint_enable  usbd_core.o
    0x08004900   0x08004900   0x0000000e   Code   RO           81    .text.usb_iepintnum_read  main.o
    0x0800490e   0x0800490e   0x00000002   PAD
    0x08004910   0x08004910   0x0000000e   Code   RO         1734    .text.usb_iepintnum_read  drv_usbd_int.o
    0x0800491e   0x0800491e   0x00000002   PAD
    0x08004920   0x08004920   0x0000001c   Code   RO         1695    .text.usb_iepintr_read  drv_usb_dev.o
    0x0800493c   0x0800493c   0x00000090   Code   RO           73    .text.usb_int_epin  main.o
    0x080049cc   0x080049cc   0x00000044   Code   RO           42    .text.usb_intr_config  gd32c10x_hw.o
    0x08004a10   0x08004a10   0x0000000a   Code   RO           50    .text.usb_mdelay    gd32c10x_hw.o
    0x08004a1a   0x08004a1a   0x00000002   PAD
    0x08004a1c   0x08004a1c   0x0000000e   Code   RO         1730    .text.usb_oepintnum_read  drv_usbd_int.o
    0x08004a2a   0x08004a2a   0x00000002   PAD
    0x08004a2c   0x08004a2c   0x00000010   Code   RO         1732    .text.usb_oepintr_read  drv_usbd_int.o
    0x08004a3c   0x08004a3c   0x00000084   Code   RO           40    .text.usb_rcu_config  gd32c10x_hw.o
    0x08004ac0   0x08004ac0   0x00000018   Code   RO         1661    .text.usb_rxfifo_flush  drv_usb_core.o
    0x08004ad8   0x08004ad8   0x00000020   Code   RO         1657    .text.usb_rxfifo_read  drv_usb_core.o
    0x08004af8   0x08004af8   0x00000008   Code   RO         1677    .text.usb_set_rxfifo  drv_usb_dev.o
    0x08004b00   0x08004b00   0x0000004c   Code   RO         1663    .text.usb_set_txfifo  drv_usb_core.o
    0x08004b4c   0x08004b4c   0x00000028   Code   RO           44    .text.usb_timer_init  gd32c10x_hw.o
    0x08004b74   0x08004b74   0x0000003c   Code   RO           52    .text.usb_timer_irq  gd32c10x_hw.o
    0x08004bb0   0x08004bb0   0x0000009c   Code   RO         1683    .text.usb_transc_active  drv_usb_dev.o
    0x08004c4c   0x08004c4c   0x00000034   Code   RO         1693    .text.usb_transc_clrstall  drv_usb_dev.o
    0x08004c80   0x08004c80   0x00000034   Code   RO         1685    .text.usb_transc_deactivate  drv_usb_dev.o
    0x08004cb4   0x08004cb4   0x000000dc   Code   RO         1687    .text.usb_transc_inxfer  drv_usb_dev.o
    0x08004d90   0x08004d90   0x00000066   Code   RO         1689    .text.usb_transc_outxfer  drv_usb_dev.o
    0x08004df6   0x08004df6   0x00000002   PAD
    0x08004df8   0x08004df8   0x00000034   Code   RO         1691    .text.usb_transc_stall  drv_usb_dev.o
    0x08004e2c   0x08004e2c   0x0000001c   Code   RO         1659    .text.usb_txfifo_flush  drv_usb_core.o
    0x08004e48   0x08004e48   0x00000026   Code   RO         1655    .text.usb_txfifo_write  drv_usb_core.o
    0x08004e6e   0x08004e6e   0x00000002   PAD
    0x08004e70   0x08004e70   0x0000000a   Code   RO           46    .text.usb_udelay    gd32c10x_hw.o
    0x08004e7a   0x08004e7a   0x00000002   PAD
    0x08004e7c   0x08004e7c   0x00000072   Code   RO           79    .text.usb_vcp_auto_receive  main.o
    0x08004eee   0x08004eee   0x00000002   PAD
    0x08004ef0   0x08004ef0   0x00000008   Code   RO         1820    .text.usbd_addr_set  usbd_enum.o
    0x08004ef8   0x08004ef8   0x00000020   Code   RO         1786    .text.usbd_class_request  usbd_enum.o
    0x08004f18   0x08004f18   0x0000000e   Code   RO         1755    .text.usbd_connect  usbd_core.o
    0x08004f26   0x08004f26   0x00000002   PAD
    0x08004f28   0x08004f28   0x0000002c   Code   RO         1844    .text.usbd_ctl_recev  usbd_transc.o
    0x08004f54   0x08004f54   0x0000002c   Code   RO         1842    .text.usbd_ctl_send  usbd_transc.o
    0x08004f80   0x08004f80   0x00000020   Code   RO         1848    .text.usbd_ctl_status_recev  usbd_transc.o
    0x08004fa0   0x08004fa0   0x00000020   Code   RO         1846    .text.usbd_ctl_status_send  usbd_transc.o
    0x08004fc0   0x08004fc0   0x0000000e   Code   RO         1751    .text.usbd_disconnect  usbd_core.o
    0x08004fce   0x08004fce   0x00000002   PAD
    0x08004fd0   0x08004fd0   0x000000b0   Code   RO         1736    .text.usbd_emptytxfifo_write  drv_usbd_int.o
    0x08005080   0x08005080   0x0000001a   Code   RO         1790    .text.usbd_enum_error  usbd_enum.o
    0x0800509a   0x0800509a   0x00000002   PAD
    0x0800509c   0x0800509c   0x0000002e   Code   RO         1759    .text.usbd_ep_clear  usbd_core.o
    0x080050ca   0x080050ca   0x00000002   PAD
    0x080050cc   0x080050cc   0x00000034   Code   RO         1761    .text.usbd_ep_recev  usbd_core.o
    0x08005100   0x08005100   0x00000032   Code   RO         1763    .text.usbd_ep_send  usbd_core.o
    0x08005132   0x08005132   0x00000002   PAD
    0x08005134   0x08005134   0x00000072   Code   RO         1757    .text.usbd_ep_setup  usbd_core.o
    0x080051a6   0x080051a6   0x00000002   PAD
    0x080051a8   0x080051a8   0x00000032   Code   RO         1765    .text.usbd_ep_stall  usbd_core.o
    0x080051da   0x080051da   0x00000002   PAD
    0x080051dc   0x080051dc   0x00000032   Code   RO         1767    .text.usbd_ep_stall_clear  usbd_core.o
    0x0800520e   0x0800520e   0x00000002   PAD
    0x08005210   0x08005210   0x00000092   Code   RO         1854    .text.usbd_in_transc  usbd_transc.o
    0x080052a2   0x080052a2   0x00000002   PAD
    0x080052a4   0x080052a4   0x00000060   Code   RO         1747    .text.usbd_init     usbd_core.o
    0x08005304   0x08005304   0x00000046   Code   RO         1728    .text.usbd_int_enumfinish  drv_usbd_int.o
    0x0800534a   0x0800534a   0x00000002   PAD
    0x0800534c   0x0800534c   0x00000096   Code   RO         1720    .text.usbd_int_epin  drv_usbd_int.o
    0x080053e2   0x080053e2   0x00000002   PAD
    0x080053e4   0x080053e4   0x000000ba   Code   RO         1718    .text.usbd_int_epout  drv_usbd_int.o
    0x0800549e   0x0800549e   0x00000002   PAD
    0x080054a0   0x080054a0   0x000000c2   Code   RO         1726    .text.usbd_int_reset  drv_usbd_int.o
    0x08005562   0x08005562   0x00000002   PAD
    0x08005564   0x08005564   0x000000a2   Code   RO         1724    .text.usbd_int_rxfifo  drv_usbd_int.o
    0x08005606   0x08005606   0x00000002   PAD
    0x08005608   0x08005608   0x00000068   Code   RO         1722    .text.usbd_int_suspend  drv_usbd_int.o
    0x08005670   0x08005670   0x000000de   Code   RO         1716    .text.usbd_isr      drv_usbd_int.o
    0x0800574e   0x0800574e   0x00000002   PAD
    0x08005750   0x08005750   0x00000076   Code   RO         1852    .text.usbd_out_transc  usbd_transc.o
    0x080057c6   0x080057c6   0x00000002   PAD
    0x080057c8   0x080057c8   0x0000007e   Code   RO         1850    .text.usbd_setup_transc  usbd_transc.o
    0x08005846   0x08005846   0x00000002   PAD
    0x08005848   0x08005848   0x00000044   Code   RO         1784    .text.usbd_standard_request  usbd_enum.o
    0x0800588c   0x0800588c   0x00000004   Code   RO         1788    .text.usbd_vendor_request  usbd_enum.o
    0x08005890   0x08005890   0x00000030   Code   RO         2022    i.__ARM_fpclassify  m_wm.l(fpclassify.o)
    0x080058c0   0x080058c0   0x000000c8   Code   RO         1908    i.__hardfp_sin      m_wm.l(sin.o)
    0x08005988   0x08005988   0x00000438   Code   RO         1978    i.__ieee754_rem_pio2  m_wm.l(rred.o)
    0x08005dc0   0x08005dc0   0x00000170   Code   RO         1961    i.__kernel_cos      m_wm.l(cos_i.o)
    0x08005f30   0x08005f30   0x000000f8   Code   RO         2024    i.__kernel_poly     m_wm.l(poly.o)
    0x08006028   0x08006028   0x00000130   Code   RO         1983    i.__kernel_sin      m_wm.l(sin_i.o)
    0x08006158   0x08006158   0x00000014   Code   RO         1965    i.__mathlib_dbl_infnan  m_wm.l(dunder.o)
    0x0800616c   0x0800616c   0x00000004   PAD
    0x08006170   0x08006170   0x00000020   Code   RO         1967    i.__mathlib_dbl_invalid  m_wm.l(dunder.o)
    0x08006190   0x08006190   0x00000020   Code   RO         1970    i.__mathlib_dbl_underflow  m_wm.l(dunder.o)
    0x080061b0   0x080061b0   0x0000000e   Code   RO         2046    i.__scatterload_copy  mc_w.l(handlers.o)
    0x080061be   0x080061be   0x00000002   Code   RO         2047    i.__scatterload_null  mc_w.l(handlers.o)
    0x080061c0   0x080061c0   0x0000000e   Code   RO         2048    i.__scatterload_zeroinit  mc_w.l(handlers.o)
    0x080061ce   0x080061ce   0x00000002   PAD
    0x080061d0   0x080061d0   0x0000000c   Code   RO         2004    i.__set_errno       mc_w.l(errno.o)
    0x080061dc   0x080061dc   0x00000018   Code   RO         2018    i.fabs              m_wm.l(fabs.o)
    0x080061f4   0x080061f4   0x00000004   PAD
    0x080061f8   0x080061f8   0x00000030   Data   RO         1962    .constdata          m_wm.l(cos_i.o)
    0x08006228   0x08006228   0x000000cc   Data   RO         1980    .constdata          m_wm.l(rred.o)
    0x080062f4   0x080062f4   0x00000004   PAD
    0x080062f8   0x080062f8   0x00000028   Data   RO         1984    .constdata          m_wm.l(sin_i.o)
    0x08006320   0x08006320   0x00000001   Data   RO          280    .rodata.KMD_CONFIG_MAP_MAX_LENGTH  hal_kmd_foc.o
    0x08006321   0x08006321   0x00000043   Data   RO         1883    .rodata.cdc_config_desc  cdc_acm_core.o
    0x08006364   0x08006364   0x00000012   Data   RO         1882    .rodata.cdc_dev_desc  cdc_acm_core.o
    0x08006376   0x08006376   0x00000004   Data   RO         1707    .rodata.cst4        drv_usb_dev.o
    0x0800637a   0x0800637a   0x00000002   PAD
    0x0800637c   0x0800637c   0x00000010   Data   RO         1775    .rodata.ep_type     usbd_core.o
    0x0800638c   0x0800638c   0x00000042   Data   RO          281    .rodata.kmd_config_map  hal_kmd_foc.o
    0x080063ce   0x080063ce   0x00000082   Data   RO         1889    .rodata.manufacturer_string  cdc_acm_core.o
    0x08006450   0x08006450   0x00000082   Data   RO         1890    .rodata.product_string  cdc_acm_core.o
    0x080064d2   0x080064d2   0x00000100   Data   RO          427    .rodata.sht75_crc_table  bsp_crc8.o
    0x080065d2   0x080065d2   0x00000002   PAD
    0x080065d4   0x080065d4   0x00000010   Data   RO         1886    .rodata.usbd_cdc_strings  cdc_acm_core.o
    0x080065e4   0x080065e4   0x00000004   Data   RO         1884    .rodata.usbd_language_id_desc  cdc_acm_core.o
    0x080065e8   0x080065e8   0x00000020   Data   RO         2045    Region$$Table       anon$$obj.o


    Execution Region RW_IRAM1 (Exec base: 0x20000000, Load base: 0x08006608, Size: 0x00002110, Max: 0x00008000, ABSOLUTE, COMPRESSED[0x000000b8])

    Exec Addr    Load Addr    Size         Type   Attr      Idx    E Section Name        Object

    0x20000000   COMPRESSED   0x00000004   Data   RW         2005    .data               mc_w.l(errno.o)
    0x20000004   COMPRESSED   0x00000004   Data   RW          462    .data.SystemCoreClock  system_gd32c10x.o
    0x20000008   COMPRESSED   0x00000030   Data   RW         1888    .data.cdc_class     cdc_acm_core.o
    0x20000038   COMPRESSED   0x00000010   Data   RW         1887    .data.cdc_desc      cdc_acm_core.o
    0x20000048   COMPRESSED   0x00001194   Data   RW          295    .data.mHalFocInfo   hal_kmd_interface.o
    0x200011dc   COMPRESSED   0x00000082   Data   RW         1885    .data.serial_string  cdc_acm_core.o
    0x2000125e   COMPRESSED   0x00000002   PAD
    0x20001260   COMPRESSED   0x00000054   Data   RW          282    .data.tHalKmdUser   hal_kmd_foc.o
    0x200012b4   COMPRESSED   0x00000002   Data   RW           57    .data.timer_prescaler  gd32c10x_hw.o
    0x200012b6   COMPRESSED   0x00000002   PAD
    0x200012b8        -       0x00000004   Zero   RW         1738    .bss.GINTF_RST_IT   drv_usbd_int.o
    0x200012bc        -       0x00000004   Zero   RW          191    .bss.SysTickCnt     bsp_systick.o
    0x200012c0        -       0x00000004   Zero   RW           32    .bss.TIMER5_IRQHandler.ledTick  gd32c10x_it.o
    0x200012c4        -       0x00000002   Zero   RW         1832    .bss._usb_std_getstatus.status  usbd_enum.o
    0x200012c6        -       0x00000001   Zero   RW         1833    .bss._usb_std_setconfiguration.config  usbd_enum.o
    0x200012c7   COMPRESSED   0x00000001   PAD
    0x200012c8        -       0x0000043c   Zero   RW           90    .bss.cdc_acm        main.o
    0x20001704        -       0x00000058   Zero   RW         1891    .bss.cdc_acm_init.cdc_handler  cdc_acm_core.o
    0x2000175c        -       0x00000200   Zero   RW          445    .bss.crc_tab16      bsp_crc16.o
    0x2000195c        -       0x00000001   Zero   RW          444    .bss.crc_tab16_init  bsp_crc16.o
    0x2000195d   COMPRESSED   0x00000003   PAD
    0x20001960        -       0x00000004   Zero   RW           56    .bss.delay_time     gd32c10x_hw.o
    0x20001964        -       0x00000010   Zero   RW          349    .bss.filter_motor_curre  hal_kmd_app_demo.o
    0x20001974        -       0x00000010   Zero   RW          350    .bss.holding_torque_angle  hal_kmd_app_demo.o
    0x20001984        -       0x00000014   Zero   RW          131    .bss.key_t          bsp_key.o
    0x20001998        -       0x00000004   Zero   RW          363    .bss.kmd_motor_mode_run.last_position.0  hal_kmd_app_demo.o
    0x2000199c        -       0x00000004   Zero   RW          364    .bss.kmd_motor_mode_run.last_position.2  hal_kmd_app_demo.o
    0x200019a0        -       0x00000004   Zero   RW          367    .bss.kmd_motor_mode_run.last_position.3.0  hal_kmd_app_demo.o
    0x200019a4        -       0x00000004   Zero   RW          368    .bss.kmd_motor_mode_run.last_position.3.2  hal_kmd_app_demo.o
    0x200019a8        -       0x00000004   Zero   RW          359    .bss.kmd_motor_mode_run.position_difference.0  hal_kmd_app_demo.o
    0x200019ac        -       0x00000004   Zero   RW          361    .bss.kmd_motor_mode_run.position_difference.1.0  hal_kmd_app_demo.o
    0x200019b0        -       0x00000004   Zero   RW          362    .bss.kmd_motor_mode_run.position_difference.1.1  hal_kmd_app_demo.o
    0x200019b4        -       0x00000004   Zero   RW          360    .bss.kmd_motor_mode_run.position_difference.1.5  hal_kmd_app_demo.o
    0x200019b8        -       0x00000004   Zero   RW          365    .bss.kmd_motor_mode_run.position_difference.2.0  hal_kmd_app_demo.o
    0x200019bc        -       0x00000004   Zero   RW          366    .bss.kmd_motor_mode_run.position_difference.2.1  hal_kmd_app_demo.o
    0x200019c0        -       0x00000004   Zero   RW          369    .bss.kmd_motor_mode_run.position_difference.4.0  hal_kmd_app_demo.o
    0x200019c4        -       0x00000004   Zero   RW          370    .bss.kmd_motor_mode_run.position_difference.4.1  hal_kmd_app_demo.o
    0x200019c8        -       0x00000004   Zero   RW          371    .bss.kmd_motor_mode_run.position_difference.4.2  hal_kmd_app_demo.o
    0x200019cc        -       0x00000004   Zero   RW          372    .bss.kmd_motor_mode_run.position_difference.4.3  hal_kmd_app_demo.o
    0x200019d0        -       0x00000010   Zero   RW          351    .bss.kmd_motor_mode_run.target_vel  hal_kmd_app_demo.o
    0x200019e0        -       0x00000008   Zero   RW          352    .bss.kmd_motor_mode_run.vel_add_count  hal_kmd_app_demo.o
    0x200019e8        -       0x00000010   Zero   RW          353    .bss.kmd_motor_mode_run.vel_max  hal_kmd_app_demo.o
    0x200019f8        -       0x00000048   Zero   RW          152    .bss.kmd_usb_t      bsp_kmd.o
    0x20001a40        -       0x0000006c   Zero   RW          156    .bss.pRxBuffer      bsp_kmd.o
    0x20001aac        -       0x00000100   Zero   RW          155    .bss.pRxData        bsp_kmd.o
    0x20001bac        -       0x0000006c   Zero   RW          154    .bss.pTxBuffer      bsp_kmd.o
    0x20001c18        -       0x00000060   Zero   RW          153    .bss.pTxData        bsp_kmd.o
    0x20001c78        -       0x00000004   Zero   RW         1155    .bss.pmu_to_deepsleepmode.reg_snap.0  gd32c10x_pmu.o
    0x20001c7c        -       0x00000004   Zero   RW         1156    .bss.pmu_to_deepsleepmode.reg_snap.1  gd32c10x_pmu.o
    0x20001c80        -       0x00000004   Zero   RW         1157    .bss.pmu_to_deepsleepmode.reg_snap.2  gd32c10x_pmu.o
    0x20001c84        -       0x00000004   Zero   RW         1158    .bss.pmu_to_deepsleepmode.reg_snap.3  gd32c10x_pmu.o
    0x20001c88        -       0x00000010   Zero   RW          358    .bss.ready_set_current_  hal_kmd_app_demo.o
    0x20001c98        -       0x00000010   Zero   RW          347    .bss.ready_set_motor_angle  hal_kmd_app_demo.o
    0x20001ca8        -       0x00000010   Zero   RW          356    .bss.ready_set_position  hal_kmd_app_demo.o
    0x20001cb8        -       0x00000010   Zero   RW          357    .bss.ready_set_velocity  hal_kmd_app_demo.o
    0x20001cc8        -       0x00000010   Zero   RW          355    .bss.realit_current_  hal_kmd_app_demo.o
    0x20001cd8        -       0x00000010   Zero   RW          348    .bss.realit_motor_angle  hal_kmd_app_demo.o
    0x20001ce8        -       0x00000010   Zero   RW          346    .bss.realit_position  hal_kmd_app_demo.o
    0x20001cf8        -       0x00000010   Zero   RW          354    .bss.realit_velocity  hal_kmd_app_demo.o
    0x20001d08        -       0x00000001   Zero   RW          344    .bss.tKmdRunMode    hal_kmd_app_demo.o
    0x20001d09        -       0x00000001   Zero   RW          345    .bss.tLastKmdRunMode  hal_kmd_app_demo.o
    0x20001d0a        -       0x00000001   Zero   RW           89    .bss.usb_send_enable  main.o
    0x20001d0b   COMPRESSED   0x00000001   PAD
    0x20001d0c        -       0x00000004   Zero   RW           58    .bss.usbfs_prescaler  gd32c10x_hw.o
    0x20001d10        -       0x00000400   Zero   RW         1899    STACK               startup_gd32c10x.o


==============================================================================

Image component sizes


      Code (inc. data)   RO Data    RW Data    ZI Data      Debug   Object Name

      1136          0          0          0          0       7625   bsp_can.o
       166          0          0          0        513       2244   bsp_crc16.o
        54          0        256          0          0       1271   bsp_crc8.o
       206          0          0          0         20       2767   bsp_key.o
       292          0          0          0        640       3342   bsp_kmd.o
        54          0          0          0          0       1555   bsp_led.o
       550          0          0          0          0       6337   bsp_protocol.o
       320          0          0          0          4       6645   bsp_systick.o
        98          0          0          0          0       3452   bsp_timer.o
       312          0        365        194         88      10368   cdc_acm_core.o
       592          0          0          0          0       6858   drv_usb_core.o
      1034          8          4          0          0      10930   drv_usb_dev.o
      1308          0          0          0          4       9894   drv_usbd_int.o
       854         18          0          0          0      19465   gd32c10x_can.o
       184          0          0          0          0       3343   gd32c10x_exti.o
       322          0          0          0          0       5988   gd32c10x_gpio.o
       468          0          0          2          8       5307   gd32c10x_hw.o
       282          0          0          0          4       3254   gd32c10x_it.o
       150          0          0          0          0       3414   gd32c10x_misc.o
       198          0          0          0         16       4535   gd32c10x_pmu.o
       372         28          0          0          0      14618   gd32c10x_rcu.o
       610          0          0          0          0      19818   gd32c10x_timer.o
      5222        138          0          0        258      12370   hal_kmd_app_demo.o
      1930         38         67         84          0      15771   hal_kmd_foc.o
       110          0          0       4500          0       2436   hal_kmd_interface.o
       832          0          0          0       1085      11090   main.o
        36          8        336          0       1024        896   startup_gd32c10x.o
       380          0          0          4          0       2965   system_gd32c10x.o
       534          0         16          0          0       9777   usbd_core.o
      1298         68          0          0          3      13280   usbd_enum.o
       542          0          0          0          0       7623   usbd_transc.o

    ----------------------------------------------------------------------
     20644        306       1080       4788       3672     229238   Object Totals
         0          0         32          0          0          0   (incl. Generated)
       198          0          4          4          5          0   (incl. Padding)

    ----------------------------------------------------------------------

      Code (inc. data)   RO Data    RW Data    ZI Data      Debug   Library Member Name

       368         46         48          0          0        200   cos_i.o
        84         16          0          0          0        372   dunder.o
        24          0          0          0          0        124   fabs.o
        48          0          0          0          0        124   fpclassify.o
       248          0          0          0          0        152   poly.o
      1080        142        204          0          0        188   rred.o
       200         20          0          0          0        164   sin.o
       304         24         40          0          0        208   sin_i.o
        58          0          0          0          0          0   __dczerorl.o
         0          0          0          0          0          0   entry.o
         0          0          0          0          0          0   entry10a.o
         0          0          0          0          0          0   entry11a.o
         8          4          0          0          0          0   entry2.o
         4          0          0          0          0          0   entry5.o
         0          0          0          0          0          0   entry7b.o
         0          0          0          0          0          0   entry8b.o
         8          4          0          0          0          0   entry9a.o
        12          6          0          4          0         68   errno.o
        30          0          0          0          0          0   handlers.o
        36          8          0          0          0         68   init.o
         0          0          0          0          0          0   iusefp.o
        30          0          0          0          0         68   llshl.o
        36          0          0          0          0         68   llsshr.o
        32          0          0          0          0         68   llushr.o
        36          0          0          0          0         68   memcpya.o
        36          0          0          0          0        108   memseta.o
        56          0          0          0          0         88   d2f.o
       334          0          0          0          0        148   dadd.o
        54          0          0          0          0         80   dcmpge.o
        54          0          0          0          0         80   dcmplt.o
       222          0          0          0          0        100   ddiv.o
       186          0          0          0          0        176   depilogue.o
        62          0          0          0          0         80   dfixi.o
        34          0          0          0          0         76   dflti.o
        26          0          0          0          0         76   dfltui.o
       228          0          0          0          0         96   dmul.o
        38          0          0          0          0         68   f2d.o
       110          0          0          0          0        168   fepilogue.o

    ----------------------------------------------------------------------
      4100        270        296          4          0       3284   Library Totals
        14          0          4          0          0          0   (incl. Padding)

    ----------------------------------------------------------------------

      Code (inc. data)   RO Data    RW Data    ZI Data      Debug   Library Name

      2356        248        292          0          0       1532   m_wm.l
       326         22          0          4          0        516   mc_w.l
      1404          0          0          0          0       1236   mf_w.l

    ----------------------------------------------------------------------
      4100        270        296          4          0       3284   Library Totals

    ----------------------------------------------------------------------

==============================================================================


      Code (inc. data)   RO Data    RW Data    ZI Data      Debug   

     24744        576       1376       4792       3672     230494   Grand Totals
     24744        576       1376        184       3672     230494   ELF Image Totals (compressed)
     24744        576       1376        184          0          0   ROM Totals

==============================================================================

    Total RO  Size (Code + RO Data)                26120 (  25.51kB)
    Total RW  Size (RW Data + ZI Data)              8464 (   8.27kB)
    Total ROM Size (Code + RO Data + RW Data)      26304 (  25.69kB)

==============================================================================

